Component: ARM Compiler 5.06 update 7 (build 960) Tool: armlink [4d3601]

==============================================================================

Section Cross References

    startup_stm32f4xx.o(RESET) refers to startup_stm32f4xx.o(STACK) for __initial_sp
    startup_stm32f4xx.o(RESET) refers to startup_stm32f4xx.o(.text) for Reset_Handler
    startup_stm32f4xx.o(RESET) refers to stm32f4xx_it.o(i.NMI_Handler) for NMI_Handler
    startup_stm32f4xx.o(RESET) refers to main.o(i.HardFault_Handler) for HardFault_Handler
    startup_stm32f4xx.o(RESET) refers to stm32f4xx_it.o(i.MemManage_Handler) for MemManage_Handler
    startup_stm32f4xx.o(RESET) refers to stm32f4xx_it.o(i.BusFault_Handler) for BusFault_Handler
    startup_stm32f4xx.o(RESET) refers to stm32f4xx_it.o(i.UsageFault_Handler) for UsageFault_Handler
    startup_stm32f4xx.o(RESET) refers to stm32f4xx_it.o(i.SVC_Handler) for SVC_Handler
    startup_stm32f4xx.o(RESET) refers to stm32f4xx_it.o(i.DebugMon_Handler) for DebugMon_Handler
    startup_stm32f4xx.o(RESET) refers to drv_sys.o(i.SysTick_Handler) for SysTick_Handler
    startup_stm32f4xx.o(RESET) refers to stm32f4xx_it.o(i.EXTI9_5_IRQHandler) for EXTI9_5_IRQHandler
    startup_stm32f4xx.o(RESET) refers to stm32f4xx_it.o(i.TIM3_IRQHandler) for TIM3_IRQHandler
    startup_stm32f4xx.o(RESET) refers to stm32f4xx_it.o(i.TIM4_IRQHandler) for TIM4_IRQHandler
    startup_stm32f4xx.o(RESET) refers to stm32f4xx_it.o(i.USART1_IRQHandler) for USART1_IRQHandler
    startup_stm32f4xx.o(RESET) refers to stm32f4xx_it.o(i.USART2_IRQHandler) for USART2_IRQHandler
    startup_stm32f4xx.o(RESET) refers to stm32f4xx_it.o(i.USART3_IRQHandler) for USART3_IRQHandler
    startup_stm32f4xx.o(RESET) refers to stm32f4xx_it.o(i.UART4_IRQHandler) for UART4_IRQHandler
    startup_stm32f4xx.o(RESET) refers to stm32f4xx_it.o(i.UART5_IRQHandler) for UART5_IRQHandler
    startup_stm32f4xx.o(RESET) refers to stm32f4xx_it.o(i.TIM7_IRQHandler) for TIM7_IRQHandler
    startup_stm32f4xx.o(RESET) refers to usb_dc_dwc2.o(i.OTG_FS_IRQHandler) for OTG_FS_IRQHandler
    startup_stm32f4xx.o(RESET) refers to stm32f4xx_it.o(i.USART6_IRQHandler) for USART6_IRQHandler
    startup_stm32f4xx.o(.text) refers to system_stm32f4xx.o(i.SystemInit) for SystemInit
    startup_stm32f4xx.o(.text) refers to entry.o(.ARM.Collect$$$$00000000) for __main
    system_stm32f4xx.o(i.SystemCoreClockUpdate) refers to system_stm32f4xx.o(.data) for .data
    system_stm32f4xx.o(i.SystemInit) refers to system_stm32f4xx.o(i.SetSysClock) for SetSysClock
    misc.o(i.NVIC_Init) refers to main.o(i.assert_failed) for assert_failed
    misc.o(i.NVIC_Init) refers to misc.o(.conststring) for .conststring
    misc.o(i.NVIC_PriorityGroupConfig) refers to main.o(i.assert_failed) for assert_failed
    misc.o(i.NVIC_PriorityGroupConfig) refers to misc.o(.conststring) for .conststring
    misc.o(i.NVIC_SetVectorTable) refers to main.o(i.assert_failed) for assert_failed
    misc.o(i.NVIC_SetVectorTable) refers to misc.o(.conststring) for .conststring
    misc.o(i.NVIC_SystemLPConfig) refers to main.o(i.assert_failed) for assert_failed
    misc.o(i.NVIC_SystemLPConfig) refers to misc.o(.conststring) for .conststring
    misc.o(i.SysTick_CLKSourceConfig) refers to main.o(i.assert_failed) for assert_failed
    misc.o(i.SysTick_CLKSourceConfig) refers to misc.o(.conststring) for .conststring
    stm32f4xx_adc.o(i.ADC_AnalogWatchdogCmd) refers to main.o(i.assert_failed) for assert_failed
    stm32f4xx_adc.o(i.ADC_AnalogWatchdogCmd) refers to stm32f4xx_adc.o(.conststring) for .conststring
    stm32f4xx_adc.o(i.ADC_AnalogWatchdogSingleChannelConfig) refers to main.o(i.assert_failed) for assert_failed
    stm32f4xx_adc.o(i.ADC_AnalogWatchdogSingleChannelConfig) refers to stm32f4xx_adc.o(.conststring) for .conststring
    stm32f4xx_adc.o(i.ADC_AnalogWatchdogThresholdsConfig) refers to main.o(i.assert_failed) for assert_failed
    stm32f4xx_adc.o(i.ADC_AnalogWatchdogThresholdsConfig) refers to stm32f4xx_adc.o(.conststring) for .conststring
    stm32f4xx_adc.o(i.ADC_AutoInjectedConvCmd) refers to main.o(i.assert_failed) for assert_failed
    stm32f4xx_adc.o(i.ADC_AutoInjectedConvCmd) refers to stm32f4xx_adc.o(.conststring) for .conststring
    stm32f4xx_adc.o(i.ADC_ClearFlag) refers to main.o(i.assert_failed) for assert_failed
    stm32f4xx_adc.o(i.ADC_ClearFlag) refers to stm32f4xx_adc.o(.conststring) for .conststring
    stm32f4xx_adc.o(i.ADC_ClearITPendingBit) refers to main.o(i.assert_failed) for assert_failed
    stm32f4xx_adc.o(i.ADC_ClearITPendingBit) refers to stm32f4xx_adc.o(.conststring) for .conststring
    stm32f4xx_adc.o(i.ADC_Cmd) refers to main.o(i.assert_failed) for assert_failed
    stm32f4xx_adc.o(i.ADC_Cmd) refers to stm32f4xx_adc.o(.conststring) for .conststring
    stm32f4xx_adc.o(i.ADC_CommonInit) refers to main.o(i.assert_failed) for assert_failed
    stm32f4xx_adc.o(i.ADC_CommonInit) refers to stm32f4xx_adc.o(.conststring) for .conststring
[...]
    __Vectors_End                            0x08000188   Data           0  startup_stm32f4xx.o(RESET)
    __main                                   0x08000189   Thumb Code     0  entry.o(.ARM.Collect$$$$00000000)
    _main_stk                                0x08000189   Thumb Code     0  entry2.o(.ARM.Collect$$$$00000001)
    _main_scatterload                        0x0800018d   Thumb Code     0  entry5.o(.ARM.Collect$$$$00000004)
    __main_after_scatterload                 0x08000191   Thumb Code     0  entry5.o(.ARM.Collect$$$$00000004)
    _main_clock                              0x08000191   Thumb Code     0  entry7b.o(.ARM.Collect$$$$00000008)
    _main_cpp_init                           0x08000191   Thumb Code     0  entry8b.o(.ARM.Collect$$$$0000000A)
    _main_init                               0x08000191   Thumb Code     0  entry9a.o(.ARM.Collect$$$$0000000B)
    __rt_lib_shutdown_fini                   0x08000199   Thumb Code     0  entry12b.o(.ARM.Collect$$$$0000000E)
    __rt_final_cpp                           0x0800019d   Thumb Code     0  entry10a.o(.ARM.Collect$$$$0000000F)
    __rt_final_exit                          0x0800019d   Thumb Code     0  entry11a.o(.ARM.Collect$$$$00000011)
    Reset_Handler                            0x080001a1   Thumb Code     8  startup_stm32f4xx.o(.text)
    PendSV_Handler                           0x080001b7   Thumb Code     2  startup_stm32f4xx.o(.text)
    ADC_IRQHandler                           0x080001bb   Thumb Code     0  startup_stm32f4xx.o(.text)
    CAN1_RX0_IRQHandler                      0x080001bb   Thumb Code     0  startup_stm32f4xx.o(.text)
    CAN1_RX1_IRQHandler                      0x080001bb   Thumb Code     0  startup_stm32f4xx.o(.text)
    CAN1_SCE_IRQHandler                      0x080001bb   Thumb Code     0  startup_stm32f4xx.o(.text)
    CAN1_TX_IRQHandler                       0x080001bb   Thumb Code     0  startup_stm32f4xx.o(.text)
    CAN2_RX0_IRQHandler                      0x080001bb   Thumb Code     0  startup_stm32f4xx.o(.text)
    CAN2_RX1_IRQHandler                      0x080001bb   Thumb Code     0  startup_stm32f4xx.o(.text)
    CAN2_SCE_IRQHandler                      0x080001bb   Thumb Code     0  startup_stm32f4xx.o(.text)
    CAN2_TX_IRQHandler                       0x080001bb   Thumb Code     0  startup_stm32f4xx.o(.text)
    CRYP_IRQHandler                          0x080001bb   Thumb Code     0  startup_stm32f4xx.o(.text)
    DCMI_IRQHandler                          0x080001bb   Thumb Code     0  startup_stm32f4xx.o(.text)
    DMA1_Stream0_IRQHandler                  0x080001bb   Thumb Code     0  startup_stm32f4xx.o(.text)
    DMA1_Stream1_IRQHandler                  0x080001bb   Thumb Code     0  startup_stm32f4xx.o(.text)
    DMA1_Stream2_IRQHandler                  0x080001bb   Thumb Code     0  startup_stm32f4xx.o(.text)
    DMA1_Stream3_IRQHandler                  0x080001bb   Thumb Code     0  startup_stm32f4xx.o(.text)
    DMA1_Stream4_IRQHandler                  0x080001bb   Thumb Code     0  startup_stm32f4xx.o(.text)
    DMA1_Stream5_IRQHandler                  0x080001bb   Thumb Code     0  startup_stm32f4xx.o(.text)
    DMA1_Stream6_IRQHandler                  0x080001bb   Thumb Code     0  startup_stm32f4xx.o(.text)
    DMA1_Stream7_IRQHandler                  0x080001bb   Thumb Code     0  startup_stm32f4xx.o(.text)
    DMA2_Stream0_IRQHandler                  0x080001bb   Thumb Code     0  startup_stm32f4xx.o(.text)
    DMA2_Stream1_IRQHandler                  0x080001bb   Thumb Code     0  startup_stm32f4xx.o(.text)
    DMA2_Stream2_IRQHandler                  0x080001bb   Thumb Code     0  startup_stm32f4xx.o(.text)
    DMA2_Stream3_IRQHandler                  0x080001bb   Thumb Code     0  startup_stm32f4xx.o(.text)
    DMA2_Stream4_IRQHandler                  0x080001bb   Thumb Code     0  startup_stm32f4xx.o(.text)
    DMA2_Stream5_IRQHandler                  0x080001bb   Thumb Code     0  startup_stm32f4xx.o(.text)
    DMA2_Stream6_IRQHandler                  0x080001bb   Thumb Code     0  startup_stm32f4xx.o(.text)
    DMA2_Stream7_IRQHandler                  0x080001bb   Thumb Code     0  startup_stm32f4xx.o(.text)
    ETH_IRQHandler                           0x080001bb   Thumb Code     0  startup_stm32f4xx.o(.text)
    ETH_WKUP_IRQHandler                      0x080001bb   Thumb Code     0  startup_stm32f4xx.o(.text)
    EXTI0_IRQHandler                         0x080001bb   Thumb Code     0  startup_stm32f4xx.o(.text)
    EXTI15_10_IRQHandler                     0x080001bb   Thumb Code     0  startup_stm32f4xx.o(.text)
    EXTI1_IRQHandler                         0x080001bb   Thumb Code     0  startup_stm32f4xx.o(.text)
    EXTI2_IRQHandler                         0x080001bb   Thumb Code     0  startup_stm32f4xx.o(.text)
    EXTI3_IRQHandler                         0x080001bb   Thumb Code     0  startup_stm32f4xx.o(.text)
    EXTI4_IRQHandler                         0x080001bb   Thumb Code     0  startup_stm32f4xx.o(.text)
    FLASH_IRQHandler                         0x080001bb   Thumb Code     0  startup_stm32f4xx.o(.text)
    FPU_IRQHandler                           0x080001bb   Thumb Code     0  startup_stm32f4xx.o(.text)
    FSMC_IRQHandler                          0x080001bb   Thumb Code     0  startup_stm32f4xx.o(.text)
    HASH_RNG_IRQHandler                      0x080001bb   Thumb Code     0  startup_stm32f4xx.o(.text)
    I2C1_ER_IRQHandler                       0x080001bb   Thumb Code     0  startup_stm32f4xx.o(.text)
    I2C1_EV_IRQHandler                       0x080001bb   Thumb Code     0  startup_stm32f4xx.o(.text)
    I2C2_ER_IRQHandler                       0x080001bb   Thumb Code     0  startup_stm32f4xx.o(.text)
    I2C2_EV_IRQHandler                       0x080001bb   Thumb Code     0  startup_stm32f4xx.o(.text)
    I2C3_ER_IRQHandler                       0x080001bb   Thumb Code     0  startup_stm32f4xx.o(.text)
    I2C3_EV_IRQHandler                       0x080001bb   Thumb Code     0  startup_stm32f4xx.o(.text)
    OTG_FS_WKUP_IRQHandler                   0x080001bb   Thumb Code     0  startup_stm32f4xx.o(.text)
    OTG_HS_EP1_IN_IRQHandler                 0x080001bb   Thumb Code     0  startup_stm32f4xx.o(.text)
    OTG_HS_EP1_OUT_IRQHandler                0x080001bb   Thumb Code     0  startup_stm32f4xx.o(.text)
    OTG_HS_IRQHandler                        0x080001bb   Thumb Code     0  startup_stm32f4xx.o(.text)
    OTG_HS_WKUP_IRQHandler                   0x080001bb   Thumb Code     0  startup_stm32f4xx.o(.text)
    PVD_IRQHandler                           0x080001bb   Thumb Code     0  startup_stm32f4xx.o(.text)
    RCC_IRQHandler                           0x080001bb   Thumb Code     0  startup_stm32f4xx.o(.text)
    RTC_Alarm_IRQHandler                     0x080001bb   Thumb Code     0  startup_stm32f4xx.o(.text)
    RTC_WKUP_IRQHandler                      0x080001bb   Thumb Code     0  startup_stm32f4xx.o(.text)
    SDIO_IRQHandler                          0x080001bb   Thumb Code     0  startup_stm32f4xx.o(.text)
    SPI1_IRQHandler                          0x080001bb   Thumb Code     0  startup_stm32f4xx.o(.text)
    SPI2_IRQHandler                          0x080001bb   Thumb Code     0  startup_stm32f4xx.o(.text)
    SPI3_IRQHandler                          0x080001bb   Thumb Code     0  startup_stm32f4xx.o(.text)
    TAMP_STAMP_IRQHandler                    0x080001bb   Thumb Code     0  startup_stm32f4xx.o(.text)
    TIM1_BRK_TIM9_IRQHandler                 0x080001bb   Thumb Code     0  startup_stm32f4xx.o(.text)
    TIM1_CC_IRQHandler                       0x080001bb   Thumb Code     0  startup_stm32f4xx.o(.text)
    TIM1_TRG_COM_TIM11_IRQHandler            0x080001bb   Thumb Code     0  startup_stm32f4xx.o(.text)
    TIM1_UP_TIM10_IRQHandler                 0x080001bb   Thumb Code     0  startup_stm32f4xx.o(.text)
    TIM2_IRQHandler                          0x080001bb   Thumb Code     0  startup_stm32f4xx.o(.text)
    TIM5_IRQHandler                          0x080001bb   Thumb Code     0  startup_stm32f4xx.o(.text)
    TIM6_DAC_IRQHandler                      0x080001bb   Thumb Code     0  startup_stm32f4xx.o(.text)
    TIM8_BRK_TIM12_IRQHandler                0x080001bb   Thumb Code     0  startup_stm32f4xx.o(.text)
    TIM8_CC_IRQHandler                       0x080001bb   Thumb Code     0  startup_stm32f4xx.o(.text)
    TIM8_TRG_COM_TIM14_IRQHandler            0x080001bb   Thumb Code     0  startup_stm32f4xx.o(.text)
    TIM8_UP_TIM13_IRQHandler                 0x080001bb   Thumb Code     0  startup_stm32f4xx.o(.text)
    WWDG_IRQHandler                          0x080001bb   Thumb Code     0  startup_stm32f4xx.o(.text)
    __aeabi_memcpy                           0x080001c5   Thumb Code    36  memcpya.o(.text)
    __aeabi_memcpy4                          0x080001c5   Thumb Code     0  memcpya.o(.text)
    __aeabi_memcpy8                          0x080001c5   Thumb Code     0  memcpya.o(.text)
    __aeabi_memset                           0x080001e9   Thumb Code    14  memseta.o(.text)
    __aeabi_memset4                          0x080001e9   Thumb Code     0  memseta.o(.text)
    __aeabi_memset8                          0x080001e9   Thumb Code     0  memseta.o(.text)
    __aeabi_memclr                           0x080001f7   Thumb Code     4  memseta.o(.text)
    __aeabi_memclr4                          0x080001f7   Thumb Code     0  memseta.o(.text)
    __aeabi_memclr8                          0x080001f7   Thumb Code     0  memseta.o(.text)
    _memset$wrapper                          0x080001fb   Thumb Code    18  memseta.o(.text)
    memcmp                                   0x0800020d   Thumb Code    26  memcmp.o(.text)
    __I$use$fp                               0x08000227   Thumb Code     0  iusefp.o(.text)
    __scatterload                            0x08000229   Thumb Code    28  init.o(.text)
    __scatterload_rt2                        0x08000229   Thumb Code     0  init.o(.text)
    __decompress                             0x0800024d   Thumb Code     0  __dczerorl2.o(.text)
    __decompress1                            0x0800024d   Thumb Code    86  __dczerorl2.o(.text)
    ADC_Cmd                                  0x080002a5   Thumb Code    72  stm32f4xx_adc.o(i.ADC_Cmd)
    ADC_CommonInit                           0x080002fd   Thumb Code   264  stm32f4xx_adc.o(i.ADC_CommonInit)
    ADC_DMACmd                               0x08000411   Thumb Code    72  stm32f4xx_adc.o(i.ADC_DMACmd)
    ADC_DMARequestAfterLastTransferCmd       0x08000469   Thumb Code    72  stm32f4xx_adc.o(i.ADC_DMARequestAfterLastTransferCmd)
    ADC_Init                                 0x080004c1   Thumb Code   326  stm32f4xx_adc.o(i.ADC_Init)
    ADC_RegularChannelConfig                 0x08000621   Thumb Code   296  stm32f4xx_adc.o(i.ADC_RegularChannelConfig)
    ADC_SoftwareStartConv                    0x08000759   Thumb Code    42  stm32f4xx_adc.o(i.ADC_SoftwareStartConv)
    ADC_StructInit                           0x08000795   Thumb Code    20  stm32f4xx_adc.o(i.ADC_StructInit)
    ANO_DT_Init                              0x080007a9   Thumb Code    98  ano_dt_lx.o(i.ANO_DT_Init)
    ANO_DT_LX_Data_Receive_Prepare           0x080009dd   Thumb Code   166  ano_dt_lx.o(i.ANO_DT_LX_Data_Receive_Prepare)
    ANO_LX_Data_Exchange_Task                0x08000a91   Thumb Code   124  ano_dt_lx.o(i.ANO_LX_Data_Exchange_Task)
    ANO_LX_Task                              0x08000b15   Thumb Code   148  ano_lx.o(i.ANO_LX_Task)
    All_Init                                 0x08000d51   Thumb Code   112  drv_bsp.o(i.All_Init)
    AnoOF_Check_State                        0x08000dc5   Thumb Code   124  drv_anoof.o(i.AnoOF_Check_State)
    AnoOF_GetOneByte                         0x08000f89   Thumb Code   164  drv_anoof.o(i.AnoOF_GetOneByte)
    BusFault_Handler                         0x0800107d   Thumb Code     2  stm32f4xx_it.o(i.BusFault_Handler)
    Button_Get                               0x08001081   Thumb Code    52  drv_misc.o(i.Button_Get)
    CK_Back                                  0x080010b9   Thumb Code    10  ano_dt_lx.o(i.CK_Back)
    CMD_Send                                 0x080010c9   Thumb Code    18  ano_dt_lx.o(i.CMD_Send)
    DMA_Cmd                                  0x08001119   Thumb Code   178  stm32f4xx_dma.o(i.DMA_Cmd)
    DMA_GetCmdStatus                         0x080011d9   Thumb Code   152  stm32f4xx_dma.o(i.DMA_GetCmdStatus)
    DMA_Init                                 0x0800127d   Thumb Code   570  stm32f4xx_dma.o(i.DMA_Init)
    DMA_StructInit                           0x080014c9   Thumb Code    34  stm32f4xx_dma.o(i.DMA_StructInit)
    DOut_Set                                 0x080014ed   Thumb Code    32  drv_misc.o(i.DOut_Set)
    DebugMon_Handler                         0x08001515   Thumb Code     2  stm32f4xx_it.o(i.DebugMon_Handler)
    DrvAdcInit                               0x08001519   Thumb Code   148  drv_adc.o(i.DrvAdcInit)
    DrvButtonInit                            0x080015b5   Thumb Code    52  drv_misc.o(i.DrvButtonInit)
    DrvDOutInit                              0x080015ed   Thumb Code    64  drv_misc.o(i.DrvDOutInit)
    DrvMiscInit                              0x08001631   Thumb Code    14  drv_misc.o(i.DrvMiscInit)
    DrvMotorPWMSet                           0x08001641   Thumb Code    80  drv_pwmout.o(i.DrvMotorPWMSet)
    DrvPpmGetOneCh                           0x0800169d   Thumb Code    66  drv_bsp.o(i.DrvPpmGetOneCh)
    DrvPwmOutInit                            0x080016e9   Thumb Code   668  drv_pwmout.o(i.DrvPwmOutInit)
    DrvRcInputInit                           0x080019a5   Thumb Code    16  drv_bsp.o(i.DrvRcInputInit)
    DrvRcInputTask                           0x080019b9   Thumb Code   178  drv_bsp.o(i.DrvRcInputTask)
    DrvRcPpmInit                             0x08001a7d   Thumb Code   168  drv_rcin.o(i.DrvRcPpmInit)
    DrvRcSbusInit                            0x08001b2d   Thumb Code   160  drv_rcin.o(i.DrvRcSbusInit)
    DrvSbusGetOneByte                        0x08001bd9   Thumb Code   360  drv_bsp.o(i.DrvSbusGetOneByte)
    DrvSysInit                               0x08001d4d   Thumb Code    18  drv_sys.o(i.DrvSysInit)
    DrvTimerFcInit                           0x08001d5f   Thumb Code    26  drv_timer.o(i.DrvTimerFcInit)
    DrvUart1Init                             0x08001d79   Thumb Code   234  drv_uart.o(i.DrvUart1Init)
    DrvUart2Init                             0x08001e6d   Thumb Code   228  drv_uart.o(i.DrvUart2Init)
    DrvUart2SendBuf                          0x08001f59   Thumb Code    56  drv_uart.o(i.DrvUart2SendBuf)
    DrvUart3Init                             0x08001f9d   Thumb Code   226  drv_uart.o(i.DrvUart3Init)
    DrvUart3SendBuf                          0x08002089   Thumb Code    56  drv_uart.o(i.DrvUart3SendBuf)
    DrvUart4Init                             0x080020cd   Thumb Code   198  drv_uart.o(i.DrvUart4Init)
    DrvUart5Init                             0x0800219d   Thumb Code   214  drv_uart.o(i.DrvUart5Init)
    DrvUart5SendBuf                          0x08002281   Thumb Code    52  drv_uart.o(i.DrvUart5SendBuf)
    DrvUartDataCheck                         0x080022c1   Thumb Code    26  drv_uart.o(i.DrvUartDataCheck)
    DrvWS2812Init                            0x080022dd   Thumb Code    94  drv_ws2812.o(i.DrvWS2812Init)
    Drv_AdcGetBatVot                         0x08002345   Thumb Code    70  drv_adc.o(i.Drv_AdcGetBatVot)
    DvrLedInit                               0x080023a5   Thumb Code   110  drv_led.o(i.DvrLedInit)
    EXTI9_5_IRQHandler                       0x08002519   Thumb Code    24  stm32f4xx_it.o(i.EXTI9_5_IRQHandler)
    EXTI_ClearITPendingBit                   0x08002531   Thumb Code    26  stm32f4xx_exti.o(i.EXTI_ClearITPendingBit)
    EXTI_GetITStatus                         0x08002555   Thumb Code   162  stm32f4xx_exti.o(i.EXTI_GetITStatus)
    FC_Lock                                  0x08002601   Thumb Code    48  lx_fc_fun.o(i.FC_Lock)
    FC_Unlock                                0x0800263d   Thumb Code    48  lx_fc_fun.o(i.FC_Unlock)
    GPIO_Init                                0x080026f5   Thumb Code   292  stm32f4xx_gpio.o(i.GPIO_Init)
    GPIO_PinAFConfig                         0x08002841   Thumb Code   242  stm32f4xx_gpio.o(i.GPIO_PinAFConfig)
    GPIO_ReadInputDataBit                    0x0800295d   Thumb Code   174  stm32f4xx_gpio.o(i.GPIO_ReadInputDataBit)
    GPIO_ResetBits                           0x08002a35   Thumb Code    86  stm32f4xx_gpio.o(i.GPIO_ResetBits)
    GPIO_SetBits                             0x08002ab5   Thumb Code    86  stm32f4xx_gpio.o(i.GPIO_SetBits)
    GPIO_StructInit                          0x08002b35   Thumb Code    18  stm32f4xx_gpio.o(i.GPIO_StructInit)
    GetSysRunTimeMs                          0x08002d29   Thumb Code     6  drv_sys.o(i.GetSysRunTimeMs)
    GetSysRunTimeUs                          0x08002d35   Thumb Code    56  drv_sys.o(i.GetSysRunTimeUs)
    HardFault_Handler                        0x08002d71   Thumb Code    16  main.o(i.HardFault_Handler)
    Horizontal_Calibrate                     0x08002d85   Thumb Code    44  lx_fc_fun.o(i.Horizontal_Calibrate)
    LD_Radar_AddPackage                      0x08002db9   Thumb Code    62  ld_radar.o(i.LD_Radar_AddPackage)
    LD_Radar_DataSend                        0x08002e01   Thumb Code    50  ld_radar.o(i.LD_Radar_DataSend)
    LD_Radar_GetOneByte                      0x08002e39   Thumb Code   118  ld_radar.o(i.LD_Radar_GetOneByte)
    LED_1ms_DRV                              0x08002ecd   Thumb Code    68  drv_led.o(i.LED_1ms_DRV)
    LED_On_Off                               0x08002f15   Thumb Code    60  drv_led.o(i.LED_On_Off)
    LX_Cali_Trig_Check                       0x08002f55   Thumb Code   112  lx_fc_state.o(i.LX_Cali_Trig_Check)
    LX_Change_Mode                           0x08002fcd   Thumb Code    58  lx_fc_fun.o(i.LX_Change_Mode)
    LX_FC_EXT_Sensor_Task                    0x08003019   Thumb Code    50  lx_fc_ext_sensor.o(i.LX_FC_EXT_Sensor_Task)
    LX_FC_State_Task                         0x0800305d   Thumb Code    28  lx_fc_state.o(i.LX_FC_State_Task)
    LxStringSend                             0x08003235   Thumb Code    40  ano_dt_lx.o(i.LxStringSend)
    Mag_Calibrate                            0x08003265   Thumb Code    44  lx_fc_fun.o(i.Mag_Calibrate)
    MemManage_Handler                        0x08003299   Thumb Code     2  stm32f4xx_it.o(i.MemManage_Handler)
    MyDelayMs                                0x0800329b   Thumb Code    24  drv_sys.o(i.MyDelayMs)
    MyDelayUs                                0x080032b3   Thumb Code    22  drv_sys.o(i.MyDelayUs)
    NMI_Handler                              0x080032c9   Thumb Code     2  stm32f4xx_it.o(i.NMI_Handler)
    NVIC_Init                                0x080032cd   Thumb Code   146  misc.o(i.NVIC_Init)
    NVIC_PriorityGroupConfig                 0x08003369   Thumb Code    52  misc.o(i.NVIC_PriorityGroupConfig)
    OTG_FS_IRQHandler                        0x080033c9   Thumb Code   724  usb_dc_dwc2.o(i.OTG_FS_IRQHandler)
    OneKey_Land                              0x080036ad   Thumb Code    44  lx_fc_fun.o(i.OneKey_Land)
    OneKey_Return_Home                       0x080036e1   Thumb Code    44  lx_fc_fun.o(i.OneKey_Return_Home)
    OneKey_Stable                            0x08003715   Thumb Code    44  lx_fc_fun.o(i.OneKey_Stable)
    OneKey_Takeoff                           0x08003749   Thumb Code    56  lx_fc_fun.o(i.OneKey_Takeoff)
    PAR_Back                                 0x08003789   Thumb Code    14  ano_dt_lx.o(i.PAR_Back)
    PPM_IRQH                                 0x0800379d   Thumb Code    58  drv_rcin.o(i.PPM_IRQH)
    RCC_AHB1PeriphClockCmd                   0x080037e5   Thumb Code    60  stm32f4xx_rcc.o(i.RCC_AHB1PeriphClockCmd)
    RCC_AHB2PeriphClockCmd                   0x0800382d   Thumb Code    60  stm32f4xx_rcc.o(i.RCC_AHB2PeriphClockCmd)
    RCC_APB1PeriphClockCmd                   0x08003871   Thumb Code    60  stm32f4xx_rcc.o(i.RCC_APB1PeriphClockCmd)
    RCC_APB1PeriphResetCmd                   0x080038b9   Thumb Code    60  stm32f4xx_rcc.o(i.RCC_APB1PeriphResetCmd)
    RCC_APB2PeriphClockCmd                   0x08003901   Thumb Code    60  stm32f4xx_rcc.o(i.RCC_APB2PeriphClockCmd)
    RCC_APB2PeriphResetCmd                   0x08003949   Thumb Code    60  stm32f4xx_rcc.o(i.RCC_APB2PeriphResetCmd)
    RCC_GetClocksFreq                        0x08003991   Thumb Code   148  stm32f4xx_rcc.o(i.RCC_GetClocksFreq)
    SVC_Handler                              0x08003c81   Thumb Code     2  stm32f4xx_it.o(i.SVC_Handler)
    Sbus_IRQH                                0x08003c85   Thumb Code    44  drv_rcin.o(i.Sbus_IRQH)
    Scheduler_Run                            0x08003cb5   Thumb Code    46  ano_scheduler.o(i.Scheduler_Run)
    Scheduler_Setup                          0x08003ce9   Thumb Code    42  ano_scheduler.o(i.Scheduler_Setup)
    Send_To_Screen                           0x08003d19   Thumb Code     4  uart_screen.o(i.Send_To_Screen)
    Send_To_Wireless                         0x08003d1d   Thumb Code    40  wireless_com.o(i.Send_To_Wireless)
    SysTick_CLKSourceConfig                  0x08003e01   Thumb Code    48  misc.o(i.SysTick_CLKSourceConfig)
    SysTick_Handler                          0x08003e35   Thumb Code    16  drv_sys.o(i.SysTick_Handler)
    SysTick_Init                             0x08003e49   Thumb Code    62  drv_sys.o(i.SysTick_Init)
    SystemInit                               0x08003e8d   Thumb Code    74  system_stm32f4xx.o(i.SystemInit)
    TIM3_IRQHandler                          0x08003fb5   Thumb Code     4  stm32f4xx_it.o(i.TIM3_IRQHandler)
    TIM4_IRQHandler                          0x08003fb9   Thumb Code     2  stm32f4xx_it.o(i.TIM4_IRQHandler)
    TIM7_IRQHandler                          0x08003fbd   Thumb Code    34  stm32f4xx_it.o(i.TIM7_IRQHandler)
    TIM_ARRPreloadConfig                     0x08003fe5   Thumb Code   138  stm32f4xx_tim.o(i.TIM_ARRPreloadConfig)
    TIM_CONF                                 0x080040a9   Thumb Code    82  drv_timer.o(i.TIM_CONF)
    TIM_ClearFlag                            0x08004101   Thumb Code   106  stm32f4xx_tim.o(i.TIM_ClearFlag)
    TIM_ClearITPendingBit                    0x080041a5   Thumb Code   106  stm32f4xx_tim.o(i.TIM_ClearITPendingBit)
    TIM_Cmd                                  0x08004249   Thumb Code   138  stm32f4xx_tim.o(i.TIM_Cmd)
    TIM_CtrlPWMOutputs                       0x0800430d   Thumb Code    70  stm32f4xx_tim.o(i.TIM_CtrlPWMOutputs)
    TIM_DeInit                               0x08004361   Thumb Code   468  stm32f4xx_tim.o(i.TIM_DeInit)
    TIM_GetCapture2                          0x08004569   Thumb Code    66  stm32f4xx_tim.o(i.TIM_GetCapture2)
    TIM_GetITStatus                          0x080045cd   Thumb Code   162  stm32f4xx_tim.o(i.TIM_GetITStatus)
    TIM_ICInit                               0x080046a9   Thumb Code   408  stm32f4xx_tim.o(i.TIM_ICInit)
    TIM_ICStructInit                         0x08004871   Thumb Code    16  stm32f4xx_tim.o(i.TIM_ICStructInit)
    TIM_ITConfig                             0x08004881   Thumb Code   152  stm32f4xx_tim.o(i.TIM_ITConfig)
    TIM_NVIC                                 0x08004951   Thumb Code    32  drv_timer.o(i.TIM_NVIC)
    TIM_OC1Init                              0x08004971   Thumb Code   338  stm32f4xx_tim.o(i.TIM_OC1Init)
    TIM_OC1PreloadConfig                     0x08004af5   Thumb Code   116  stm32f4xx_tim.o(i.TIM_OC1PreloadConfig)
    TIM_OC2Init                              0x08004b99   Thumb Code   344  stm32f4xx_tim.o(i.TIM_OC2Init)
    TIM_OC2PreloadConfig                     0x08004d11   Thumb Code   100  stm32f4xx_tim.o(i.TIM_OC2PreloadConfig)
    TIM_OC3Init                              0x08004d95   Thumb Code   330  stm32f4xx_tim.o(i.TIM_OC3Init)
    TIM_OC3PreloadConfig                     0x08004ef9   Thumb Code    80  stm32f4xx_tim.o(i.TIM_OC3PreloadConfig)
    TIM_OC4Init                              0x08004f61   Thumb Code   240  stm32f4xx_tim.o(i.TIM_OC4Init)
    TIM_OC4PreloadConfig                     0x08005069   Thumb Code    88  stm32f4xx_tim.o(i.TIM_OC4PreloadConfig)
    TIM_OCStructInit                         0x080050d9   Thumb Code    20  stm32f4xx_tim.o(i.TIM_OCStructInit)
    TIM_SetIC1Prescaler                      0x080050ed   Thumb Code   128  stm32f4xx_tim.o(i.TIM_SetIC1Prescaler)
    TIM_SetIC2Prescaler                      0x0800519d   Thumb Code   112  stm32f4xx_tim.o(i.TIM_SetIC2Prescaler)
    TIM_SetIC3Prescaler                      0x0800522d   Thumb Code    92  stm32f4xx_tim.o(i.TIM_SetIC3Prescaler)
    TIM_SetIC4Prescaler                      0x080052a1   Thumb Code   100  stm32f4xx_tim.o(i.TIM_SetIC4Prescaler)
    TIM_TimeBaseInit                         0x0800531d   Thumb Code   250  stm32f4xx_tim.o(i.TIM_TimeBaseInit)
    TIM_TimeBaseStructInit                   0x0800544d   Thumb Code    18  stm32f4xx_tim.o(i.TIM_TimeBaseStructInit)
    UART4_IRQHandler                         0x0800545f   Thumb Code     4  stm32f4xx_it.o(i.UART4_IRQHandler)
    UART5_IRQHandler                         0x08005463   Thumb Code     4  stm32f4xx_it.o(i.UART5_IRQHandler)
    USART1_IRQHandler                        0x08005467   Thumb Code     4  stm32f4xx_it.o(i.USART1_IRQHandler)
    USART2_IRQHandler                        0x0800546b   Thumb Code     4  stm32f4xx_it.o(i.USART2_IRQHandler)
    USART3_IRQHandler                        0x0800546f   Thumb Code     4  stm32f4xx_it.o(i.USART3_IRQHandler)
    USART6_IRQHandler                        0x08005473   Thumb Code     4  stm32f4xx_it.o(i.USART6_IRQHandler)
    USART_ClearITPendingBit                  0x08005479   Thumb Code   146  stm32f4xx_usart.o(i.USART_ClearITPendingBit)
    USART_ClockInit                          0x08005529   Thumb Code   146  stm32f4xx_usart.o(i.USART_ClockInit)
    USART_Cmd                                0x080055d1   Thumb Code    90  stm32f4xx_usart.o(i.USART_Cmd)
    USART_DeInit                             0x08005649   Thumb Code   212  stm32f4xx_usart.o(i.USART_DeInit)
    USART_GetITStatus                        0x08005739   Thumb Code   238  stm32f4xx_usart.o(i.USART_GetITStatus)
    USART_ITConfig                           0x08005845   Thumb Code   224  stm32f4xx_usart.o(i.USART_ITConfig)
    USART_Init                               0x08005941   Thumb Code   394  stm32f4xx_usart.o(i.USART_Init)
    USART_StructInit                         0x08005aed   Thumb Code    22  stm32f4xx_usart.o(i.USART_StructInit)
    Uart4_IRQ                                0x08005b05   Thumb Code    96  drv_uart.o(i.Uart4_IRQ)
    Uart5_IRQ                                0x08005b71   Thumb Code    88  drv_uart.o(i.Uart5_IRQ)
    Uart_Screen_DataSend                     0x08005bd5   Thumb Code    68  uart_screen.o(i.Uart_Screen_DataSend)
    Uart_Screen_GetOneByte                   0x08005c21   Thumb Code    58  uart_screen.o(i.Uart_Screen_GetOneByte)
    Uart_Wireless_GetOneByte                 0x08005c65   Thumb Code    98  wireless_com.o(i.Uart_Wireless_GetOneByte)
    UsageFault_Handler                       0x08005cd1   Thumb Code     2  stm32f4xx_it.o(i.UsageFault_Handler)
    Usart1_IRQ                               0x08005cd5   Thumb Code    88  drv_uart.o(i.Usart1_IRQ)
    Usart2_IRQ                               0x08005d39   Thumb Code    96  drv_uart.o(i.Usart2_IRQ)
    Usart3_IRQ                               0x08005da5   Thumb Code    96  drv_uart.o(i.Usart3_IRQ)
    UserCom_CheckAck                         0x08005e11   Thumb Code    70  user_com.o(i.UserCom_CheckAck)
    UserCom_DataAnl                          0x08005e65   Thumb Code   498  user_com.o(i.UserCom_DataAnl)
    UserCom_DataExchange                     0x080060cd   Thumb Code   154  user_com.o(i.UserCom_DataExchange)
    UserCom_GetBuffer                        0x08006181   Thumb Code   212  user_com.o(i.UserCom_GetBuffer)
    UserCom_SendAck                          0x08006379   Thumb Code    38  user_com.o(i.UserCom_SendAck)
    UserCom_SendData                         0x080063a9   Thumb Code     4  user_com.o(i.UserCom_SendData)
    UserCom_SendEvent                        0x080063ad   Thumb Code    48  user_com.o(i.UserCom_SendEvent)
    UserCom_Task                             0x080063e1   Thumb Code   332  user_com.o(i.UserCom_Task)
    UserTask_OneKeyCmd                       0x0800657d   Thumb Code   128  user_task.o(i.UserTask_OneKeyCmd)
    WS2812_SendBit                           0x08006609   Thumb Code   162  drv_ws2812.o(i.WS2812_SendBit)
    WS2812_SendBuf                           0x080066b9   Thumb Code    16  drv_ws2812.o(i.WS2812_SendBuf)
    WS2812_SetARGB                           0x080066cd   Thumb Code    60  drv_ws2812.o(i.WS2812_SetARGB)
    WS2812_SetAll                            0x0800670d   Thumb Code    24  drv_ws2812.o(i.WS2812_SetAll)
    Wireless_DataAnl                         0x08006725   Thumb Code    70  wireless_com.o(i.Wireless_DataAnl)
    __ARM_fpclassifyf                        0x08006771   Thumb Code    38  fpclassifyf.o(i.__ARM_fpclassifyf)
    __hardfp_asinf                           0x08006799   Thumb Code   258  asinf.o(i.__hardfp_asinf)
    __hardfp_atan2f                          0x080068c5   Thumb Code   594  atan2f.o(i.__hardfp_atan2f)
    __mathlib_flt_infnan                     0x08006b71   Thumb Code     6  funder.o(i.__mathlib_flt_infnan)
    __mathlib_flt_infnan2                    0x08006b77   Thumb Code     6  funder.o(i.__mathlib_flt_infnan2)
    __mathlib_flt_invalid                    0x08006b7d   Thumb Code    10  funder.o(i.__mathlib_flt_invalid)
    __mathlib_flt_underflow                  0x08006b8d   Thumb Code    10  funder.o(i.__mathlib_flt_underflow)
    __scatterload_copy                       0x08006b9d   Thumb Code    14  handlers.o(i.__scatterload_copy)
    __scatterload_null                       0x08006bab   Thumb Code     2  handlers.o(i.__scatterload_null)
    __scatterload_zeroinit                   0x08006bad   Thumb Code    14  handlers.o(i.__scatterload_zeroinit)
    __set_errno                              0x08006bbd   Thumb Code     6  errno.o(i.__set_errno)
    assert_failed                            0x08006bc9   Thumb Code    16  main.o(i.assert_failed)
    calc_crc8                                0x08006bdd   Thumb Code    26  ld_radar.o(i.calc_crc8)
    cdc_acm_data_send                        0x08006c81   Thumb Code   100  cdc_acm.o(i.cdc_acm_data_send)
    cdc_acm_init                             0x08006cf5   Thumb Code    52  cdc_acm.o(i.cdc_acm_init)
    drvU1DataCheck                           0x08006d35   Thumb Code    38  drv_uart.o(i.drvU1DataCheck)
    drvU1GetByte                             0x08006d65   Thumb Code    26  drv_uart.o(i.drvU1GetByte)
    drvU2DataCheck                           0x08006d89   Thumb Code    38  drv_uart.o(i.drvU2DataCheck)
    drvU2GetByte                             0x08006db9   Thumb Code    26  drv_uart.o(i.drvU2GetByte)
    drvU3DataCheck                           0x08006ddd   Thumb Code    38  drv_uart.o(i.drvU3DataCheck)
    drvU3GetByte                             0x08006e0d   Thumb Code    26  drv_uart.o(i.drvU3GetByte)
    drvU4DataCheck                           0x08006e31   Thumb Code    38  drv_uart.o(i.drvU4DataCheck)
    drvU4GetByte                             0x08006e61   Thumb Code    26  drv_uart.o(i.drvU4GetByte)
    drvU5DataCheck                           0x08006e85   Thumb Code    38  drv_uart.o(i.drvU5DataCheck)
    drvU5GetByte                             0x08006eb5   Thumb Code    26  drv_uart.o(i.drvU5GetByte)
    dwc2_ep_read                             0x08006efd   Thumb Code    24  usb_dc_dwc2.o(i.dwc2_ep_read)
    dwc2_ep_write                            0x08006f19   Thumb Code    28  usb_dc_dwc2.o(i.dwc2_ep_write)
    emergencyPWMSet                          0x08007185   Thumb Code    16  drv_pwmout.o(i.emergencyPWMSet)
    key1_read                                0x0800721d   Thumb Code    18  drv_key.o(i.key1_read)
    key_check_all_loop_1ms                   0x08007289   Thumb Code    28  drv_key.o(i.key_check_all_loop_1ms)
    key_read_value                           0x080072a9   Thumb Code    38  drv_key.o(i.key_read_value)
    main                                     0x08007579   Thumb Code    18  main.o(i.main)
    mcu_usb_device_init                      0x0800758d   Thumb Code   112  main.o(i.mcu_usb_device_init)
    my_deadzone                              0x08007601   Thumb Code    50  ano_math.o(i.my_deadzone)
    send_queued_data                         0x080076b9   Thumb Code    46  cdc_acm.o(i.send_queued_data)
    sqrtf                                    0x080076f5   Thumb Code    62  sqrtf.o(i.sqrtf)
    usb_dc_init                              0x080077b5   Thumb Code   286  usb_dc_dwc2.o(i.usb_dc_init)
    usb_dc_low_level_init                    0x080078e5   Thumb Code     4  main.o(i.usb_dc_low_level_init)
    usbd_add_endpoint                        0x080078e9   Thumb Code    68  usbd_core.o(i.usbd_add_endpoint)
    usbd_add_interface                       0x08007931   Thumb Code    38  usbd_core.o(i.usbd_add_interface)
    usbd_cdc_acm_bulk_in                     0x08007961   Thumb Code    32  cdc_acm.o(i.usbd_cdc_acm_bulk_in)
    usbd_cdc_acm_bulk_out                    0x08007985   Thumb Code    24  cdc_acm.o(i.usbd_cdc_acm_bulk_out)
    usbd_cdc_acm_get_line_coding             0x080079a1   Thumb Code    16  usbd_cdc.o(i.usbd_cdc_acm_get_line_coding)
    usbd_cdc_acm_init_intf                   0x080079b5   Thumb Code    14  usbd_cdc.o(i.usbd_cdc_acm_init_intf)
    usbd_cdc_acm_set_dtr                     0x080079c9   Thumb Code    20  cdc_acm.o(i.usbd_cdc_acm_set_dtr)
    usbd_cdc_acm_set_line_coding             0x080079e1   Thumb Code     2  usbd_cdc.o(i.usbd_cdc_acm_set_line_coding)
    usbd_cdc_acm_set_rts                     0x080079e3   Thumb Code     2  usbd_cdc.o(i.usbd_cdc_acm_set_rts)
    usbd_configure_done_callback             0x08007a69   Thumb Code    12  cdc_acm.o(i.usbd_configure_done_callback)
    usbd_desc_register                       0x08007a79   Thumb Code    44  usbd_core.o(i.usbd_desc_register)
    usbd_ep_clear_stall                      0x08007ab5   Thumb Code   102  usb_dc_dwc2.o(i.usbd_ep_clear_stall)
    usbd_ep_close                            0x08007b21   Thumb Code   110  usb_dc_dwc2.o(i.usbd_ep_close)
    usbd_ep_open                             0x08007ba1   Thumb Code   202  usb_dc_dwc2.o(i.usbd_ep_open)
    usbd_ep_set_stall                        0x08007c79   Thumb Code    94  usb_dc_dwc2.o(i.usbd_ep_set_stall)
    usbd_ep_start_read                       0x08007cd9   Thumb Code   256  usb_dc_dwc2.o(i.usbd_ep_start_read)
    usbd_ep_start_write                      0x08007de9   Thumb Code   278  usb_dc_dwc2.o(i.usbd_ep_start_write)
    usbd_event_ep0_in_complete_handler       0x08007f11   Thumb Code    82  usbd_core.o(i.usbd_event_ep0_in_complete_handler)
    usbd_event_ep0_out_complete_handler      0x08007f69   Thumb Code    80  usbd_core.o(i.usbd_event_ep0_out_complete_handler)
    usbd_event_ep0_setup_complete_handler    0x08007fbd   Thumb Code   140  usbd_core.o(i.usbd_event_ep0_setup_complete_handler)
    usbd_event_ep_in_complete_handler        0x0800804d   Thumb Code    24  usbd_core.o(i.usbd_event_ep_in_complete_handler)
    usbd_event_ep_out_complete_handler       0x08008069   Thumb Code    24  usbd_core.o(i.usbd_event_ep_out_complete_handler)
    usbd_event_handler                       0x08008085   Thumb Code    22  usbd_core.o(i.usbd_event_handler)
    usbd_event_reset_handler                 0x0800809d   Thumb Code    68  usbd_core.o(i.usbd_event_reset_handler)
    usbd_initialize                          0x08008199   Thumb Code     4  usbd_core.o(i.usbd_initialize)
    usbd_set_address                         0x080081cd   Thumb Code    28  usb_dc_dwc2.o(i.usbd_set_address)
    crc8_table                               0x08008694   Data         256  ld_radar.o(.constdata)
    Region$$Table$$Base                      0x08008a14   Number         0  anon$$obj.o(Region$$Table)
    Region$$Table$$Limit                     0x08008a34   Number         0  anon$$obj.o(Region$$Table)
    SystemCoreClock                          0x20000000   Data           4  system_stm32f4xx.o(.data)
    AHBPrescTable                            0x20000004   Data          16  system_stm32f4xx.o(.data)
    remote_ignored                           0x2000002e   Data           1  ano_lx.o(.data)
    fc_bat                                   0x2000003a   Data           4  ano_lx.o(.data)
    fc_att                                   0x2000003e   Data           7  ano_lx.o(.data)
    fc_vel                                   0x20000045   Data           6  ano_lx.o(.data)
    fc_pos                                   0x2000004b   Data           8  ano_lx.o(.data)
    ep_tx_busy_flag                          0x200000ac   Data           1  cdc_acm.o(.data)
    dtr_enable                               0x200000ad   Data           1  cdc_acm.o(.data)
    write_queued_count                       0x200000b0   Data           4  cdc_acm.o(.data)
    write_queued_tail                        0x200000b4   Data           4  cdc_acm.o(.data)
    cdc_out_ep                               0x200000b8   Data           8  cdc_acm.o(.data)
    cdc_in_ep                                0x200000c0   Data           8  cdc_acm.o(.data)
    using_of                                 0x2000017a   Data           1  lx_fc_ext_sensor.o(.data)
    using_of_alt                             0x2000017b   Data           1  lx_fc_ext_sensor.o(.data)
    sti_fun                                  0x2000018a   Data           2  lx_fc_state.o(.data)
    fc_sta                                   0x2000018e   Data           7  lx_fc_state.o(.data)
    data_cnt                                 0x20000198   Data           1  uart_screen.o(.data)
    screen_buf_ptr                           0x2000019c   Data           4  uart_screen.o(.data)
    user_connected                           0x200001a0   Data           1  user_com.o(.data)
    user_alt                                 0x200001b8   Data           5  user_com.o(.data)
    user_vel                                 0x200001bd   Data           7  user_com.o(.data)
    user_pwm                                 0x200001c4   Data           8  user_com.o(.data)
    user_led                                 0x200001d2   Data           4  drv_led.o(.data)
    lx_led                                   0x200001de   Data           4  drv_led.o(.data)
    Tx1Counter                               0x200001f0   Data           1  drv_uart.o(.data)
    count1                                   0x200001f1   Data           1  drv_uart.o(.data)
    U1RxInCnt                                0x200001f2   Data           1  drv_uart.o(.data)
    U1RxoutCnt                               0x200001f3   Data           1  drv_uart.o(.data)
    TxCounter                                0x200001f4   Data           1  drv_uart.o(.data)
    count                                    0x200001f5   Data           1  drv_uart.o(.data)
    U2RxInCnt                                0x200001f6   Data           1  drv_uart.o(.data)
    U2RxoutCnt                               0x200001f7   Data           1  drv_uart.o(.data)
    Tx3Counter                               0x200001f8   Data           1  drv_uart.o(.data)
    count3                                   0x200001f9   Data           1  drv_uart.o(.data)
    U3RxInCnt                                0x200001fa   Data           1  drv_uart.o(.data)
    U3RxoutCnt                               0x200001fb   Data           1  drv_uart.o(.data)
    Tx4Counter                               0x200001fc   Data           1  drv_uart.o(.data)
    count4                                   0x200001fd   Data           1  drv_uart.o(.data)
    U4RxInCnt                                0x200001fe   Data           1  drv_uart.o(.data)
    U4RxoutCnt                               0x200001ff   Data           1  drv_uart.o(.data)
    Tx5Counter                               0x20000200   Data           1  drv_uart.o(.data)
    count5                                   0x20000201   Data           1  drv_uart.o(.data)
    U5RxInCnt                                0x20000202   Data           1  drv_uart.o(.data)
    U5RxoutCnt                               0x20000203   Data           1  drv_uart.o(.data)
    key_dev                                  0x20000224   Data          16  drv_key.o(.data)
    usbd_intf_head                           0x20000234   Data           4  usbd_core.o(.data)
    read_buffer                              0x20000248   Data        2048  cdc_acm.o(.noncacheable)
    write_buffer                             0x20000a48   Data        2048  cdc_acm.o(.noncacheable)
    usbd_core_cfg                            0x20001248   Data         288  usbd_core.o(.noncacheable)
    g_dwc2_udc                               0x20001380   Data         192  usb_dc_dwc2.o(.noncacheable)
    send_buffer                              0x20001440   Data          50  ano_dt_lx.o(.bss)
    dt                                       0x20001474   Data        1564  ano_dt_lx.o(.bss)
    rt_tar                                   0x20001c5c   Data          14  ano_lx.o(.bss)
    pwm_to_esc                               0x20001c6a   Data          16  ano_lx.o(.bss)
    fc_att_qua                               0x20001c7a   Data           9  ano_lx.o(.bss)
    fc_alt                                   0x20001c83   Data           9  ano_lx.o(.bss)
    write_queued_pos                         0x20001c8c   Data          64  cdc_acm.o(.bss)
    write_queued_len                         0x20001ccc   Data          64  cdc_acm.o(.bss)
    intf0                                    0x20001d0c   Data          32  cdc_acm.o(.bss)
    intf1                                    0x20001d2c   Data          32  cdc_acm.o(.bss)
    ext_sens                                 0x20001d7c   Data          48  lx_fc_ext_sensor.o(.bss)
    user_pos                                 0x20001eb0   Data          13  user_com.o(.bss)
    to_user_data                             0x20001ebd   Data          40  user_com.o(.bss)
    user_data_temp                           0x20001f05   Data         280  user_com.o(.bss)
    wl_send_temp                             0x2000212e   Data         256  wireless_com.o(.bss)
    wl_back_temp                             0x2000222e   Data         256  wireless_com.o(.bss)
    wl_data_temp                             0x2000232e   Data         256  wireless_com.o(.bss)
    AdcValue                                 0x2000242e   Data         100  drv_adc.o(.bss)
    Tx1Buffer                                0x20002492   Data         256  drv_uart.o(.bss)
    U1RxDataTmp                              0x20002592   Data         100  drv_uart.o(.bss)
    TxBuffer                                 0x200025f6   Data         256  drv_uart.o(.bss)
    U2RxDataTmp                              0x200026f6   Data         100  drv_uart.o(.bss)
    Tx3Buffer                                0x2000275a   Data         256  drv_uart.o(.bss)
    U3RxDataTmp                              0x2000285a   Data         100  drv_uart.o(.bss)
    Tx4Buffer                                0x200028be   Data         256  drv_uart.o(.bss)
    U4RxDataTmp                              0x200029be   Data         100  drv_uart.o(.bss)
    Tx5Buffer                                0x20002a22   Data         256  drv_uart.o(.bss)
    U5RxDataTmp                              0x20002b22   Data         100  drv_uart.o(.bss)
    ano_of                                   0x20002ba0   Data          60  drv_anoof.o(.bss)
    rc_in                                    0x20002c36   Data          82  drv_bsp.o(.bss)
    key_buf                                  0x20002c88   Data          34  drv_key.o(.bss)
    tx_msg                                   0x20002cac   Data          96  usbd_core.o(.bss)
    rx_msg                                   0x20002d0c   Data          96  usbd_core.o(.bss)
    __initial_sp                             0x20003570   Data           0  startup_stm32f4xx.o(STACK)



==============================================================================

Memory Map of the image

  Image Entry point : 0x08000189

  Load Region LR_IROM1 (Base: 0x08000000, Size: 0x00009e74, Max: 0x00100000, ABSOLUTE, COMPRESSED[0x00008acc])

    Execution Region ER_IROM1 (Exec base: 0x08000000, Load base: 0x08000000, Size: 0x00008a34, Max: 0x00100000, ABSOLUTE)

    Exec Addr    Load Addr    Size         Type   Attr      Idx    E Section Name        Object

    0x08000000   0x08000000   0x00000188   Data   RO            3    RESET               startup_stm32f4xx.o
    0x08000188   0x08000188   0x00000000   Code   RO         4372  * .ARM.Collect$$$$00000000  mc_w.l(entry.o)
    0x08000188   0x08000188   0x00000004   Code   RO         4686    .ARM.Collect$$$$00000001  mc_w.l(entry2.o)
    0x0800018c   0x0800018c   0x00000004   Code   RO         4689    .ARM.Collect$$$$00000004  mc_w.l(entry5.o)
    0x08000190   0x08000190   0x00000000   Code   RO         4691    .ARM.Collect$$$$00000008  mc_w.l(entry7b.o)
    0x08000190   0x08000190   0x00000000   Code   RO         4693    .ARM.Collect$$$$0000000A  mc_w.l(entry8b.o)
    0x08000190   0x08000190   0x00000008   Code   RO         4694    .ARM.Collect$$$$0000000B  mc_w.l(entry9a.o)
    0x08000198   0x08000198   0x00000004   Code   RO         4701    .ARM.Collect$$$$0000000E  mc_w.l(entry12b.o)
    0x0800019c   0x0800019c   0x00000000   Code   RO         4696    .ARM.Collect$$$$0000000F  mc_w.l(entry10a.o)
    0x0800019c   0x0800019c   0x00000000   Code   RO         4698    .ARM.Collect$$$$00000011  mc_w.l(entry11a.o)
    0x0800019c   0x0800019c   0x00000004   Code   RO         4687    .ARM.Collect$$$$00002712  mc_w.l(entry2.o)
    0x080001a0   0x080001a0   0x00000024   Code   RO            4    .text               startup_stm32f4xx.o
    0x080001c4   0x080001c4   0x00000024   Code   RO         4375    .text               mc_w.l(memcpya.o)
    0x080001e8   0x080001e8   0x00000024   Code   RO         4377    .text               mc_w.l(memseta.o)
    0x0800020c   0x0800020c   0x0000001a   Code   RO         4381    .text               mc_w.l(memcmp.o)
    0x08000226   0x08000226   0x00000000   Code   RO         4720    .text               mc_w.l(iusefp.o)
    0x08000226   0x08000226   0x00000002   PAD
    0x08000228   0x08000228   0x00000024   Code   RO         4729    .text               mc_w.l(init.o)
    0x0800024c   0x0800024c   0x00000056   Code   RO         4743    .text               mc_w.l(__dczerorl2.o)
    0x080002a2   0x080002a2   0x00000002   PAD
    0x080002a4   0x080002a4   0x00000058   Code   RO          163    i.ADC_Cmd           stm32f4xx_adc.o
    0x080002fc   0x080002fc   0x00000114   Code   RO          164    i.ADC_CommonInit    stm32f4xx_adc.o
    0x08000410   0x08000410   0x00000058   Code   RO          167    i.ADC_DMACmd        stm32f4xx_adc.o
    0x08000468   0x08000468   0x00000058   Code   RO          168    i.ADC_DMARequestAfterLastTransferCmd  stm32f4xx_adc.o
    0x080004c0   0x080004c0   0x00000160   Code   RO          183    i.ADC_Init          stm32f4xx_adc.o
    0x08000620   0x08000620   0x00000138   Code   RO          188    i.ADC_RegularChannelConfig  stm32f4xx_adc.o
    0x08000758   0x08000758   0x0000003c   Code   RO          190    i.ADC_SoftwareStartConv  stm32f4xx_adc.o
    0x08000794   0x08000794   0x00000014   Code   RO          192    i.ADC_StructInit    stm32f4xx_adc.o
    0x080007a8   0x080007a8   0x00000068   Code   RO         2048    i.ANO_DT_Init       ano_dt_lx.o
    0x08000810   0x08000810   0x000001cc   Code   RO         2049    i.ANO_DT_LX_Data_Receive_Anl  ano_dt_lx.o
    0x080009dc   0x080009dc   0x000000b0   Code   RO         2050    i.ANO_DT_LX_Data_Receive_Prepare  ano_dt_lx.o
    0x08000a8c   0x08000a8c   0x00000004   Code   RO         2051    i.ANO_DT_LX_Send_Data  ano_dt_lx.o
    0x08000a90   0x08000a90   0x00000084   Code   RO         2052    i.ANO_LX_Data_Exchange_Task  ano_dt_lx.o
    0x08000b14   0x08000b14   0x000000a4   Code   RO         2195    i.ANO_LX_Task       ano_lx.o
    0x08000bb8   0x08000bb8   0x00000198   Code   RO         2053    i.Add_Send_Data     ano_dt_lx.o
    0x08000d50   0x08000d50   0x00000074   Code   RO         3709    i.All_Init          drv_bsp.o
    0x08000dc4   0x08000dc4   0x00000084   Code   RO         3675    i.AnoOF_Check_State  drv_anoof.o
    0x08000e48   0x08000e48   0x00000140   Code   RO         3676    i.AnoOF_DataAnl     drv_anoof.o
    0x08000f88   0x08000f88   0x000000ac   Code   RO         3677    i.AnoOF_GetOneByte  drv_anoof.o
    0x08001034   0x08001034   0x00000048   Code   RO         2196    i.Bat_Voltage_Data_Handle  ano_lx.o
    0x0800107c   0x0800107c   0x00000002   Code   RO         3439    i.BusFault_Handler  stm32f4xx_it.o
    0x0800107e   0x0800107e   0x00000002   PAD
    0x08001080   0x08001080   0x00000038   Code   RO         2956    i.Button_Get        drv_misc.o
    0x080010b8   0x080010b8   0x00000010   Code   RO         2054    i.CK_Back           ano_dt_lx.o
    0x080010c8   0x080010c8   0x00000018   Code   RO         2055    i.CMD_Send          ano_dt_lx.o
    0x080010e0   0x080010e0   0x00000038   Code   RO         2056    i.Check_To_Send     ano_dt_lx.o
    0x08001118   0x08001118   0x000000c0   Code   RO          398    i.DMA_Cmd           stm32f4xx_dma.o
    0x080011d8   0x080011d8   0x000000a4   Code   RO          403    i.DMA_GetCmdStatus  stm32f4xx_dma.o
    0x0800127c   0x0800127c   0x0000024c   Code   RO          410    i.DMA_Init          stm32f4xx_dma.o
    0x080014c8   0x080014c8   0x00000022   Code   RO          414    i.DMA_StructInit    stm32f4xx_dma.o
    0x080014ea   0x080014ea   0x00000002   PAD
    0x080014ec   0x080014ec   0x00000028   Code   RO         2957    i.DOut_Set          drv_misc.o
    0x08001514   0x08001514   0x00000002   Code   RO         3440    i.DebugMon_Handler  stm32f4xx_it.o
    0x08001516   0x08001516   0x00000002   PAD
    0x08001518   0x08001518   0x0000009c   Code   RO         2879    i.DrvAdcInit        drv_adc.o
    0x080015b4   0x080015b4   0x00000038   Code   RO         2958    i.DrvButtonInit     drv_misc.o
    0x080015ec   0x080015ec   0x00000044   Code   RO         2959    i.DrvDOutInit       drv_misc.o
    0x08001630   0x08001630   0x0000000e   Code   RO         2960    i.DrvMiscInit       drv_misc.o
    0x0800163e   0x0800163e   0x00000002   PAD
    0x08001640   0x08001640   0x0000005c   Code   RO         3006    i.DrvMotorPWMSet    drv_pwmout.o
    0x0800169c   0x0800169c   0x0000004c   Code   RO         3710    i.DrvPpmGetOneCh    drv_bsp.o
    0x080016e8   0x080016e8   0x000002bc   Code   RO         3007    i.DrvPwmOutInit     drv_pwmout.o
    0x080019a4   0x080019a4   0x00000014   Code   RO         3711    i.DrvRcInputInit    drv_bsp.o
    0x080019b8   0x080019b8   0x000000c4   Code   RO         3712    i.DrvRcInputTask    drv_bsp.o
    0x08001a7c   0x08001a7c   0x000000b0   Code   RO         3037    i.DrvRcPpmInit      drv_rcin.o
    0x08001b2c   0x08001b2c   0x000000ac   Code   RO         3038    i.DrvRcSbusInit     drv_rcin.o
    0x08001bd8   0x08001bd8   0x00000174   Code   RO         3713    i.DrvSbusGetOneByte  drv_bsp.o
    0x08001d4c   0x08001d4c   0x00000012   Code   RO         3075    i.DrvSysInit        drv_sys.o
    0x08001d5e   0x08001d5e   0x0000001a   Code   RO         3133    i.DrvTimerFcInit    drv_timer.o
    0x08001d78   0x08001d78   0x000000f4   Code   RO         3168    i.DrvUart1Init      drv_uart.o
    0x08001e6c   0x08001e6c   0x000000ec   Code   RO         3170    i.DrvUart2Init      drv_uart.o
    0x08001f58   0x08001f58   0x00000044   Code   RO         3171    i.DrvUart2SendBuf   drv_uart.o
    0x08001f9c   0x08001f9c   0x000000ec   Code   RO         3172    i.DrvUart3Init      drv_uart.o
    0x08002088   0x08002088   0x00000044   Code   RO         3173    i.DrvUart3SendBuf   drv_uart.o
    0x080020cc   0x080020cc   0x000000d0   Code   RO         3174    i.DrvUart4Init      drv_uart.o
    0x0800219c   0x0800219c   0x000000e4   Code   RO         3176    i.DrvUart5Init      drv_uart.o
    0x08002280   0x08002280   0x00000040   Code   RO         3177    i.DrvUart5SendBuf   drv_uart.o
    0x080022c0   0x080022c0   0x0000001a   Code   RO         3178    i.DrvUartDataCheck  drv_uart.o
    0x080022da   0x080022da   0x00000002   PAD
    0x080022dc   0x080022dc   0x00000068   Code   RO         3369    i.DrvWS2812Init     drv_ws2812.o
    0x08002344   0x08002344   0x00000060   Code   RO         2880    i.Drv_AdcGetBatVot  drv_adc.o
    0x080023a4   0x080023a4   0x00000074   Code   RO         2915    i.DvrLedInit        drv_led.o
    0x08002418   0x08002418   0x00000100   Code   RO         2197    i.ESC_Output        ano_lx.o
    0x08002518   0x08002518   0x00000018   Code   RO         3441    i.EXTI9_5_IRQHandler  stm32f4xx_it.o
    0x08002530   0x08002530   0x00000024   Code   RO          522    i.EXTI_ClearITPendingBit  stm32f4xx_exti.o
    0x08002554   0x08002554   0x000000ac   Code   RO          526    i.EXTI_GetITStatus  stm32f4xx_exti.o
    0x08002600   0x08002600   0x0000003c   Code   RO         2526    i.FC_Lock           lx_fc_fun.o
    0x0800263c   0x0800263c   0x0000003c   Code   RO         2527    i.FC_Unlock         lx_fc_fun.o
    0x08002678   0x08002678   0x0000007c   Code   RO         2058    i.Frame_Send        ano_dt_lx.o
    0x080026f4   0x080026f4   0x0000014c   Code   RO          772    i.GPIO_Init         stm32f4xx_gpio.o
    0x08002840   0x08002840   0x0000011c   Code   RO          773    i.GPIO_PinAFConfig  stm32f4xx_gpio.o
    0x0800295c   0x0800295c   0x000000d8   Code   RO          776    i.GPIO_ReadInputDataBit  stm32f4xx_gpio.o
    0x08002a34   0x08002a34   0x00000080   Code   RO          779    i.GPIO_ResetBits    stm32f4xx_gpio.o
    0x08002ab4   0x08002ab4   0x00000080   Code   RO          780    i.GPIO_SetBits      stm32f4xx_gpio.o
    0x08002b34   0x08002b34   0x00000012   Code   RO          781    i.GPIO_StructInit   stm32f4xx_gpio.o
    0x08002b46   0x08002b46   0x00000002   PAD
    0x08002b48   0x08002b48   0x000000ec   Code   RO         2488    i.General_Distance_Data_Handle  lx_fc_ext_sensor.o
    0x08002c34   0x08002c34   0x000000f4   Code   RO         2489    i.General_Velocity_Data_Handle  lx_fc_ext_sensor.o
    0x08002d28   0x08002d28   0x0000000c   Code   RO         3076    i.GetSysRunTimeMs   drv_sys.o
    0x08002d34   0x08002d34   0x0000003c   Code   RO         3077    i.GetSysRunTimeUs   drv_sys.o
    0x08002d70   0x08002d70   0x00000014   Code   RO         2641    i.HardFault_Handler  main.o
    0x08002d84   0x08002d84   0x00000034   Code   RO         2529    i.Horizontal_Calibrate  lx_fc_fun.o
    0x08002db8   0x08002db8   0x00000048   Code   RO         2446    i.LD_Radar_AddPackage  ld_radar.o
    0x08002e00   0x08002e00   0x00000038   Code   RO         2447    i.LD_Radar_DataSend  ld_radar.o
    0x08002e38   0x08002e38   0x00000094   Code   RO         2448    i.LD_Radar_GetOneByte  ld_radar.o
    0x08002ecc   0x08002ecc   0x00000048   Code   RO         2916    i.LED_1ms_DRV       drv_led.o
    0x08002f14   0x08002f14   0x00000040   Code   RO         2917    i.LED_On_Off        drv_led.o
    0x08002f54   0x08002f54   0x00000078   Code   RO         2608    i.LX_Cali_Trig_Check  lx_fc_state.o
    0x08002fcc   0x08002fcc   0x0000004c   Code   RO         2531    i.LX_Change_Mode    lx_fc_fun.o
    0x08003018   0x08003018   0x00000044   Code   RO         2490    i.LX_FC_EXT_Sensor_Task  lx_fc_ext_sensor.o
    0x0800305c   0x0800305c   0x00000020   Code   RO         2609    i.LX_FC_State_Task  lx_fc_state.o
    0x0800307c   0x0800307c   0x000000fc   Code   RO         2610    i.LX_Unlock_Lock_Check  lx_fc_state.o
    0x08003178   0x08003178   0x00000002   Code   RO         2269    i.Loop_1000Hz       ano_scheduler.o
    0x0800317a   0x0800317a   0x00000002   Code   RO         2270    i.Loop_100Hz        ano_scheduler.o
    0x0800317c   0x0800317c   0x00000002   Code   RO         2271    i.Loop_200Hz        ano_scheduler.o
    0x0800317e   0x0800317e   0x00000002   PAD
    0x08003180   0x08003180   0x000000ac   Code   RO         2272    i.Loop_20Hz         ano_scheduler.o
    0x0800322c   0x0800322c   0x00000002   Code   RO         2273    i.Loop_2Hz          ano_scheduler.o
    0x0800322e   0x0800322e   0x00000002   Code   RO         2274    i.Loop_500Hz        ano_scheduler.o
    0x08003230   0x08003230   0x00000004   Code   RO         2275    i.Loop_50Hz         ano_scheduler.o
    0x08003234   0x08003234   0x00000030   Code   RO         2060    i.LxStringSend      ano_dt_lx.o
    0x08003264   0x08003264   0x00000034   Code   RO         2532    i.Mag_Calibrate     lx_fc_fun.o
    0x08003298   0x08003298   0x00000002   Code   RO         3442    i.MemManage_Handler  stm32f4xx_it.o
    0x0800329a   0x0800329a   0x00000018   Code   RO         3078    i.MyDelayMs         drv_sys.o
    0x080032b2   0x080032b2   0x00000016   Code   RO         3079    i.MyDelayUs         drv_sys.o
    0x080032c8   0x080032c8   0x00000002   Code   RO         3443    i.NMI_Handler       stm32f4xx_it.o
    0x080032ca   0x080032ca   0x00000002   PAD
    0x080032cc   0x080032cc   0x0000009c   Code   RO          112    i.NVIC_Init         misc.o
    0x08003368   0x08003368   0x00000040   Code   RO          113    i.NVIC_PriorityGroupConfig  misc.o
    0x080033a8   0x080033a8   0x00000020   Code   RO         2642    i.NVIC_SystemReset  main.o
    0x080033c8   0x080033c8   0x000002e4   Code   RO         4198    i.OTG_FS_IRQHandler  usb_dc_dwc2.o
    0x080036ac   0x080036ac   0x00000034   Code   RO         2533    i.OneKey_Land       lx_fc_fun.o
    0x080036e0   0x080036e0   0x00000034   Code   RO         2534    i.OneKey_Return_Home  lx_fc_fun.o
    0x08003714   0x08003714   0x00000034   Code   RO         2535    i.OneKey_Stable     lx_fc_fun.o
    0x08003748   0x08003748   0x00000040   Code   RO         2536    i.OneKey_Takeoff    lx_fc_fun.o
    0x08003788   0x08003788   0x00000014   Code   RO         2061    i.PAR_Back          ano_dt_lx.o
    0x0800379c   0x0800379c   0x00000048   Code   RO         3039    i.PPM_IRQH          drv_rcin.o
    0x080037e4   0x080037e4   0x00000048   Code   RO          866    i.RCC_AHB1PeriphClockCmd  stm32f4xx_rcc.o
    0x0800382c   0x0800382c   0x00000044   Code   RO          869    i.RCC_AHB2PeriphClockCmd  stm32f4xx_rcc.o
    0x08003870   0x08003870   0x00000048   Code   RO          875    i.RCC_APB1PeriphClockCmd  stm32f4xx_rcc.o
    0x080038b8   0x080038b8   0x00000048   Code   RO          877    i.RCC_APB1PeriphResetCmd  stm32f4xx_rcc.o
    0x08003900   0x08003900   0x00000048   Code   RO          878    i.RCC_APB2PeriphClockCmd  stm32f4xx_rcc.o
    0x08003948   0x08003948   0x00000048   Code   RO          880    i.RCC_APB2PeriphResetCmd  stm32f4xx_rcc.o
    0x08003990   0x08003990   0x000000a0   Code   RO          887    i.RCC_GetClocksFreq  stm32f4xx_rcc.o
    0x08003a30   0x08003a30   0x00000250   Code   RO         2198    i.RC_Data_Task      ano_lx.o
    0x08003c80   0x08003c80   0x00000002   Code   RO         3444    i.SVC_Handler       stm32f4xx_it.o
    0x08003c82   0x08003c82   0x00000002   PAD
    0x08003c84   0x08003c84   0x00000030   Code   RO         3040    i.Sbus_IRQH         drv_rcin.o
    0x08003cb4   0x08003cb4   0x00000034   Code   RO         2276    i.Scheduler_Run     ano_scheduler.o
    0x08003ce8   0x08003ce8   0x00000030   Code   RO         2277    i.Scheduler_Setup   ano_scheduler.o
    0x08003d18   0x08003d18   0x00000004   Code   RO         2690    i.Send_To_Screen    uart_screen.o
    0x08003d1c   0x08003d1c   0x0000002c   Code   RO         2847    i.Send_To_Wireless  wireless_com.o
    0x08003d48   0x08003d48   0x000000b8   Code   RO           11    i.SetSysClock       system_stm32f4xx.o
    0x08003e00   0x08003e00   0x00000034   Code   RO          116    i.SysTick_CLKSourceConfig  misc.o
    0x08003e34   0x08003e34   0x00000014   Code   RO         3080    i.SysTick_Handler   drv_sys.o
    0x08003e48   0x08003e48   0x00000044   Code   RO         3081    i.SysTick_Init      drv_sys.o
    0x08003e8c   0x08003e8c   0x0000005c   Code   RO           13    i.SystemInit        system_stm32f4xx.o
    0x08003ee8   0x08003ee8   0x0000002e   Code   RO         1304    i.TI1_Config        stm32f4xx_tim.o
    0x08003f16   0x08003f16   0x00000036   Code   RO         1305    i.TI2_Config        stm32f4xx_tim.o
    0x08003f4c   0x08003f4c   0x00000032   Code   RO         1306    i.TI3_Config        stm32f4xx_tim.o
    0x08003f7e   0x08003f7e   0x00000036   Code   RO         1307    i.TI4_Config        stm32f4xx_tim.o
    0x08003fb4   0x08003fb4   0x00000004   Code   RO         3445    i.TIM3_IRQHandler   stm32f4xx_it.o
    0x08003fb8   0x08003fb8   0x00000002   Code   RO         3446    i.TIM4_IRQHandler   stm32f4xx_it.o
    0x08003fba   0x08003fba   0x00000002   PAD
    0x08003fbc   0x08003fbc   0x00000028   Code   RO         3447    i.TIM7_IRQHandler   stm32f4xx_it.o
    0x08003fe4   0x08003fe4   0x000000c4   Code   RO         1308    i.TIM_ARRPreloadConfig  stm32f4xx_tim.o
    0x080040a8   0x080040a8   0x00000058   Code   RO         3134    i.TIM_CONF          drv_timer.o
    0x08004100   0x08004100   0x000000a4   Code   RO         1314    i.TIM_ClearFlag     stm32f4xx_tim.o
    0x080041a4   0x080041a4   0x000000a4   Code   RO         1315    i.TIM_ClearITPendingBit  stm32f4xx_tim.o
    0x08004248   0x08004248   0x000000c4   Code   RO         1320    i.TIM_Cmd           stm32f4xx_tim.o
    0x0800430c   0x0800430c   0x00000054   Code   RO         1322    i.TIM_CtrlPWMOutputs  stm32f4xx_tim.o
    0x08004360   0x08004360   0x00000208   Code   RO         1325    i.TIM_DeInit        stm32f4xx_tim.o
    0x08004568   0x08004568   0x00000064   Code   RO         1336    i.TIM_GetCapture2   stm32f4xx_tim.o
    0x080045cc   0x080045cc   0x000000dc   Code   RO         1341    i.TIM_GetITStatus   stm32f4xx_tim.o
    0x080046a8   0x080046a8   0x000001c8   Code   RO         1343    i.TIM_ICInit        stm32f4xx_tim.o
    0x08004870   0x08004870   0x00000010   Code   RO         1344    i.TIM_ICStructInit  stm32f4xx_tim.o
    0x08004880   0x08004880   0x000000d0   Code   RO         1345    i.TIM_ITConfig      stm32f4xx_tim.o
    0x08004950   0x08004950   0x00000020   Code   RO         3135    i.TIM_NVIC          drv_timer.o
    0x08004970   0x08004970   0x00000184   Code   RO         1349    i.TIM_OC1Init       stm32f4xx_tim.o
    0x08004af4   0x08004af4   0x000000a4   Code   RO         1352    i.TIM_OC1PreloadConfig  stm32f4xx_tim.o
    0x08004b98   0x08004b98   0x00000178   Code   RO         1354    i.TIM_OC2Init       stm32f4xx_tim.o
    0x08004d10   0x08004d10   0x00000084   Code   RO         1357    i.TIM_OC2PreloadConfig  stm32f4xx_tim.o
    0x08004d94   0x08004d94   0x00000164   Code   RO         1359    i.TIM_OC3Init       stm32f4xx_tim.o
    0x08004ef8   0x08004ef8   0x00000068   Code   RO         1362    i.TIM_OC3PreloadConfig  stm32f4xx_tim.o
    0x08004f60   0x08004f60   0x00000108   Code   RO         1364    i.TIM_OC4Init       stm32f4xx_tim.o
    0x08005068   0x08005068   0x00000070   Code   RO         1366    i.TIM_OC4PreloadConfig  stm32f4xx_tim.o
    0x080050d8   0x080050d8   0x00000014   Code   RO         1367    i.TIM_OCStructInit  stm32f4xx_tim.o
    0x080050ec   0x080050ec   0x000000b0   Code   RO         1387    i.TIM_SetIC1Prescaler  stm32f4xx_tim.o
    0x0800519c   0x0800519c   0x00000090   Code   RO         1388    i.TIM_SetIC2Prescaler  stm32f4xx_tim.o
    0x0800522c   0x0800522c   0x00000074   Code   RO         1389    i.TIM_SetIC3Prescaler  stm32f4xx_tim.o
    0x080052a0   0x080052a0   0x0000007c   Code   RO         1390    i.TIM_SetIC4Prescaler  stm32f4xx_tim.o
    0x0800531c   0x0800531c   0x00000130   Code   RO         1392    i.TIM_TimeBaseInit  stm32f4xx_tim.o
    0x0800544c   0x0800544c   0x00000012   Code   RO         1393    i.TIM_TimeBaseStructInit  stm32f4xx_tim.o
    0x0800545e   0x0800545e   0x00000004   Code   RO         3448    i.UART4_IRQHandler  stm32f4xx_it.o
    0x08005462   0x08005462   0x00000004   Code   RO         3449    i.UART5_IRQHandler  stm32f4xx_it.o
    0x08005466   0x08005466   0x00000004   Code   RO         3450    i.USART1_IRQHandler  stm32f4xx_it.o
    0x0800546a   0x0800546a   0x00000004   Code   RO         3451    i.USART2_IRQHandler  stm32f4xx_it.o
    0x0800546e   0x0800546e   0x00000004   Code   RO         3452    i.USART3_IRQHandler  stm32f4xx_it.o
    0x08005472   0x08005472   0x00000004   Code   RO         3453    i.USART6_IRQHandler  stm32f4xx_it.o
    0x08005476   0x08005476   0x00000002   PAD
    0x08005478   0x08005478   0x000000b0   Code   RO         1864    i.USART_ClearITPendingBit  stm32f4xx_usart.o
    0x08005528   0x08005528   0x000000a8   Code   RO         1865    i.USART_ClockInit   stm32f4xx_usart.o
    0x080055d0   0x080055d0   0x00000078   Code   RO         1867    i.USART_Cmd         stm32f4xx_usart.o
    0x08005648   0x08005648   0x000000f0   Code   RO         1869    i.USART_DeInit      stm32f4xx_usart.o
    0x08005738   0x08005738   0x0000010c   Code   RO         1871    i.USART_GetITStatus  stm32f4xx_usart.o
    0x08005844   0x08005844   0x000000fc   Code   RO         1873    i.USART_ITConfig    stm32f4xx_usart.o
    0x08005940   0x08005940   0x000001ac   Code   RO         1874    i.USART_Init        stm32f4xx_usart.o
    0x08005aec   0x08005aec   0x00000016   Code   RO         1890    i.USART_StructInit  stm32f4xx_usart.o
    0x08005b02   0x08005b02   0x00000002   PAD
    0x08005b04   0x08005b04   0x0000006c   Code   RO         3180    i.Uart4_IRQ         drv_uart.o
    0x08005b70   0x08005b70   0x00000064   Code   RO         3181    i.Uart5_IRQ         drv_uart.o
    0x08005bd4   0x08005bd4   0x0000004c   Code   RO         2691    i.Uart_Screen_DataSend  uart_screen.o
    0x08005c20   0x08005c20   0x00000044   Code   RO         2692    i.Uart_Screen_GetOneByte  uart_screen.o
    0x08005c64   0x08005c64   0x0000006c   Code   RO         2848    i.Uart_Wireless_GetOneByte  wireless_com.o
    0x08005cd0   0x08005cd0   0x00000002   Code   RO         3454    i.UsageFault_Handler  stm32f4xx_it.o
    0x08005cd2   0x08005cd2   0x00000002   PAD
    0x08005cd4   0x08005cd4   0x00000064   Code   RO         3182    i.Usart1_IRQ        drv_uart.o
    0x08005d38   0x08005d38   0x0000006c   Code   RO         3183    i.Usart2_IRQ        drv_uart.o
    0x08005da4   0x08005da4   0x0000006c   Code   RO         3184    i.Usart3_IRQ        drv_uart.o
    0x08005e10   0x08005e10   0x00000054   Code   RO         2725    i.UserCom_CheckAck  user_com.o
    0x08005e64   0x08005e64   0x00000268   Code   RO         2726    i.UserCom_DataAnl   user_com.o
    0x080060cc   0x080060cc   0x000000b4   Code   RO         2727    i.UserCom_DataExchange  user_com.o
    0x08006180   0x08006180   0x000000dc   Code   RO         2728    i.UserCom_GetBuffer  user_com.o
    0x0800625c   0x0800625c   0x0000011c   Code   RO         2730    i.UserCom_QuaternionToEulerX100  user_com.o
    0x08006378   0x08006378   0x00000030   Code   RO         2731    i.UserCom_SendAck   user_com.o
    0x080063a8   0x080063a8   0x00000004   Code   RO         2732    i.UserCom_SendData  user_com.o
    0x080063ac   0x080063ac   0x00000034   Code   RO         2733    i.UserCom_SendEvent  user_com.o
    0x080063e0   0x080063e0   0x0000019c   Code   RO         2734    i.UserCom_Task      user_com.o
    0x0800657c   0x0800657c   0x0000008c   Code   RO         2830    i.UserTask_OneKeyCmd  user_task.o
    0x08006608   0x08006608   0x000000b0   Code   RO         3373    i.WS2812_SendBit    drv_ws2812.o
    0x080066b8   0x080066b8   0x00000014   Code   RO         3374    i.WS2812_SendBuf    drv_ws2812.o
    0x080066cc   0x080066cc   0x00000040   Code   RO         3375    i.WS2812_SetARGB    drv_ws2812.o
    0x0800670c   0x0800670c   0x00000018   Code   RO         3376    i.WS2812_SetAll     drv_ws2812.o
    0x08006724   0x08006724   0x0000004c   Code   RO         2849    i.Wireless_DataAnl  wireless_com.o
    0x08006770   0x08006770   0x00000026   Code   RO         4658    i.__ARM_fpclassifyf  m_wm.l(fpclassifyf.o)
    0x08006796   0x08006796   0x00000002   PAD
    0x08006798   0x08006798   0x0000012c   Code   RO         4348    i.__hardfp_asinf    m_wm.l(asinf.o)
    0x080068c4   0x080068c4   0x000002ac   Code   RO         4360    i.__hardfp_atan2f   m_wm.l(atan2f.o)
    0x08006b70   0x08006b70   0x00000006   Code   RO         4661    i.__mathlib_flt_infnan  m_wm.l(funder.o)
    0x08006b76   0x08006b76   0x00000006   Code   RO         4662    i.__mathlib_flt_infnan2  m_wm.l(funder.o)
    0x08006b7c   0x08006b7c   0x00000010   Code   RO         4663    i.__mathlib_flt_invalid  m_wm.l(funder.o)
    0x08006b8c   0x08006b8c   0x00000010   Code   RO         4666    i.__mathlib_flt_underflow  m_wm.l(funder.o)
    0x08006b9c   0x08006b9c   0x0000000e   Code   RO         4737    i.__scatterload_copy  mc_w.l(handlers.o)
    0x08006baa   0x08006baa   0x00000002   Code   RO         4738    i.__scatterload_null  mc_w.l(handlers.o)
    0x08006bac   0x08006bac   0x0000000e   Code   RO         4739    i.__scatterload_zeroinit  mc_w.l(handlers.o)
    0x08006bba   0x08006bba   0x00000002   PAD
    0x08006bbc   0x08006bbc   0x0000000c   Code   RO         4715    i.__set_errno       mc_w.l(errno.o)
    0x08006bc8   0x08006bc8   0x00000014   Code   RO         2643    i.assert_failed     main.o
    0x08006bdc   0x08006bdc   0x00000020   Code   RO         2449    i.calc_crc8         ld_radar.o
    0x08006bfc   0x08006bfc   0x00000082   Code   RO         3917    i.cdc_acm_class_interface_request_handler  usbd_cdc.o
    0x08006c7e   0x08006c7e   0x00000002   PAD
    0x08006c80   0x08006c80   0x00000074   Code   RO         2337    i.cdc_acm_data_send  cdc_acm.o
    0x08006cf4   0x08006cf4   0x00000040   Code   RO         2338    i.cdc_acm_init      cdc_acm.o
    0x08006d34   0x08006d34   0x00000030   Code   RO         3185    i.drvU1DataCheck    drv_uart.o
    0x08006d64   0x08006d64   0x00000024   Code   RO         3186    i.drvU1GetByte      drv_uart.o
    0x08006d88   0x08006d88   0x00000030   Code   RO         3187    i.drvU2DataCheck    drv_uart.o
    0x08006db8   0x08006db8   0x00000024   Code   RO         3188    i.drvU2GetByte      drv_uart.o
    0x08006ddc   0x08006ddc   0x00000030   Code   RO         3189    i.drvU3DataCheck    drv_uart.o
    0x08006e0c   0x08006e0c   0x00000024   Code   RO         3190    i.drvU3GetByte      drv_uart.o
    0x08006e30   0x08006e30   0x00000030   Code   RO         3191    i.drvU4DataCheck    drv_uart.o
    0x08006e60   0x08006e60   0x00000024   Code   RO         3192    i.drvU4GetByte      drv_uart.o
    0x08006e84   0x08006e84   0x00000030   Code   RO         3193    i.drvU5DataCheck    drv_uart.o
    0x08006eb4   0x08006eb4   0x00000024   Code   RO         3194    i.drvU5GetByte      drv_uart.o
    0x08006ed8   0x08006ed8   0x00000024   Code   RO         4199    i.dwc2_ep0_start_read_setup  usb_dc_dwc2.o
    0x08006efc   0x08006efc   0x0000001c   Code   RO         4200    i.dwc2_ep_read      usb_dc_dwc2.o
    0x08006f18   0x08006f18   0x00000020   Code   RO         4201    i.dwc2_ep_write     usb_dc_dwc2.o
    0x08006f38   0x08006f38   0x00000030   Code   RO         4202    i.dwc2_flush_rxfifo  usb_dc_dwc2.o
    0x08006f68   0x08006f68   0x00000034   Code   RO         4203    i.dwc2_flush_txfifo  usb_dc_dwc2.o
    0x08006f9c   0x08006f9c   0x00000024   Code   RO         4204    i.dwc2_get_devspeed  usb_dc_dwc2.o
    0x08006fc0   0x08006fc0   0x000000f4   Code   RO         4205    i.dwc2_set_turnaroundtime  usb_dc_dwc2.o
    0x080070b4   0x080070b4   0x00000046   Code   RO         4206    i.dwc2_set_txfifo   usb_dc_dwc2.o
    0x080070fa   0x080070fa   0x00000002   PAD
    0x080070fc   0x080070fc   0x00000088   Code   RO         4207    i.dwc2_tx_fifo_empty_procecss  usb_dc_dwc2.o
    0x08007184   0x08007184   0x00000014   Code   RO         3008    i.emergencyPWMSet   drv_pwmout.o
    0x08007198   0x08007198   0x00000070   Code   RO         2881    i.initAdcDMA        drv_adc.o
    0x08007208   0x08007208   0x00000014   Code   RO         3978    i.is_device_configured  usbd_core.o
    0x0800721c   0x0800721c   0x00000012   Code   RO         3768    i.key1_read         drv_key.o
    0x0800722e   0x0800722e   0x0000005a   Code   RO         3769    i.key_check_1ms     drv_key.o
    0x08007288   0x08007288   0x00000020   Code   RO         3770    i.key_check_all_loop_1ms  drv_key.o
    0x080072a8   0x080072a8   0x0000002c   Code   RO         3771    i.key_read_value    drv_key.o
    0x080072d4   0x080072d4   0x00000034   Code   RO         3772    i.key_status_continue_check  drv_key.o
    0x08007308   0x08007308   0x0000002a   Code   RO         3773    i.key_status_double_check  drv_key.o
    0x08007332   0x08007332   0x00000002   PAD
    0x08007334   0x08007334   0x00000058   Code   RO         3774    i.key_status_double_down_shake  drv_key.o
    0x0800738c   0x0800738c   0x00000016   Code   RO         3775    i.key_status_double_up_check  drv_key.o
    0x080073a2   0x080073a2   0x00000016   Code   RO         3776    i.key_status_double_up_handle  drv_key.o
    0x080073b8   0x080073b8   0x00000026   Code   RO         3777    i.key_status_double_up_shake  drv_key.o
    0x080073de   0x080073de   0x00000016   Code   RO         3778    i.key_status_down_check  drv_key.o
    0x080073f4   0x080073f4   0x0000001a   Code   RO         3779    i.key_status_down_handle  drv_key.o
    0x0800740e   0x0800740e   0x00000024   Code   RO         3780    i.key_status_down_shake  drv_key.o
    0x08007432   0x08007432   0x00000026   Code   RO         3781    i.key_status_long_check  drv_key.o
    0x08007458   0x08007458   0x0000001a   Code   RO         3782    i.key_status_long_hanle  drv_key.o
    0x08007472   0x08007472   0x00000016   Code   RO         3783    i.key_status_long_up_handle  drv_key.o
    0x08007488   0x08007488   0x00000048   Code   RO         3784    i.key_status_long_up_shake  drv_key.o
    0x080074d0   0x080074d0   0x00000022   Code   RO         3785    i.key_status_short_up_handle  drv_key.o
    0x080074f2   0x080074f2   0x00000002   PAD
    0x080074f4   0x080074f4   0x00000050   Code   RO         3786    i.key_status_short_up_shake  drv_key.o
    0x08007544   0x08007544   0x00000034   Code   RO         3787    i.key_write_value   drv_key.o
    0x08007578   0x08007578   0x00000012   Code   RO         2644    i.main              main.o
    0x0800758a   0x0800758a   0x00000002   PAD
    0x0800758c   0x0800758c   0x00000074   Code   RO         2645    i.mcu_usb_device_init  main.o
    0x08007600   0x08007600   0x00000032   Code   RO         3554    i.my_deadzone       ano_math.o
    0x08007632   0x08007632   0x00000002   PAD
    0x08007634   0x08007634   0x00000084   Code   RO         3714    i.rcSignalCheck     drv_bsp.o
    0x080076b8   0x080076b8   0x0000003c   Code   RO         2339    i.send_queued_data  cdc_acm.o
    0x080076f4   0x080076f4   0x0000003e   Code   RO         4676    i.sqrtf             m_wm.l(sqrtf.o)
    0x08007732   0x08007732   0x00000002   PAD
    0x08007734   0x08007734   0x00000080   Code   RO         2062    i.stringSendCheck   ano_dt_lx.o
    0x080077b4   0x080077b4   0x00000130   Code   RO         4209    i.usb_dc_init       usb_dc_dwc2.o
    0x080078e4   0x080078e4   0x00000004   Code   RO         2646    i.usb_dc_low_level_init  main.o
    0x080078e8   0x080078e8   0x00000048   Code   RO         3980    i.usbd_add_endpoint  usbd_core.o
    0x08007930   0x08007930   0x00000030   Code   RO         3981    i.usbd_add_interface  usbd_core.o
    0x08007960   0x08007960   0x00000024   Code   RO         2340    i.usbd_cdc_acm_bulk_in  cdc_acm.o
    0x08007984   0x08007984   0x0000001c   Code   RO         2341    i.usbd_cdc_acm_bulk_out  cdc_acm.o
    0x080079a0   0x080079a0   0x00000014   Code   RO         3918    i.usbd_cdc_acm_get_line_coding  usbd_cdc.o
    0x080079b4   0x080079b4   0x00000014   Code   RO         3919    i.usbd_cdc_acm_init_intf  usbd_cdc.o
    0x080079c8   0x080079c8   0x00000018   Code   RO         2342    i.usbd_cdc_acm_set_dtr  cdc_acm.o
    0x080079e0   0x080079e0   0x00000002   Code   RO         3921    i.usbd_cdc_acm_set_line_coding  usbd_cdc.o
    0x080079e2   0x080079e2   0x00000002   Code   RO         3922    i.usbd_cdc_acm_set_rts  usbd_cdc.o
    0x080079e4   0x080079e4   0x00000038   Code   RO         3983    i.usbd_class_event_notify_handler  usbd_core.o
    0x08007a1c   0x08007a1c   0x0000004c   Code   RO         3984    i.usbd_class_request_handler  usbd_core.o
    0x08007a68   0x08007a68   0x00000010   Code   RO         2343    i.usbd_configure_done_callback  cdc_acm.o
    0x08007a78   0x08007a78   0x0000003c   Code   RO         3986    i.usbd_desc_register  usbd_core.o
    0x08007ab4   0x08007ab4   0x0000006c   Code   RO         4212    i.usbd_ep_clear_stall  usb_dc_dwc2.o
    0x08007b20   0x08007b20   0x00000080   Code   RO         4213    i.usbd_ep_close     usb_dc_dwc2.o
    0x08007ba0   0x08007ba0   0x000000d8   Code   RO         4215    i.usbd_ep_open      usb_dc_dwc2.o
    0x08007c78   0x08007c78   0x0000005e   Code   RO         4216    i.usbd_ep_set_stall  usb_dc_dwc2.o
    0x08007cd6   0x08007cd6   0x00000002   PAD
    0x08007cd8   0x08007cd8   0x00000110   Code   RO         4217    i.usbd_ep_start_read  usb_dc_dwc2.o
    0x08007de8   0x08007de8   0x00000128   Code   RO         4218    i.usbd_ep_start_write  usb_dc_dwc2.o
    0x08007f10   0x08007f10   0x00000058   Code   RO         3989    i.usbd_event_ep0_in_complete_handler  usbd_core.o
    0x08007f68   0x08007f68   0x00000054   Code   RO         3990    i.usbd_event_ep0_out_complete_handler  usbd_core.o
    0x08007fbc   0x08007fbc   0x00000090   Code   RO         3991    i.usbd_event_ep0_setup_complete_handler  usbd_core.o
    0x0800804c   0x0800804c   0x0000001c   Code   RO         3992    i.usbd_event_ep_in_complete_handler  usbd_core.o
    0x08008068   0x08008068   0x0000001c   Code   RO         3993    i.usbd_event_ep_out_complete_handler  usbd_core.o
    0x08008084   0x08008084   0x00000016   Code   RO         3994    i.usbd_event_handler  usbd_core.o
    0x0800809a   0x0800809a   0x00000002   PAD
    0x0800809c   0x0800809c   0x00000048   Code   RO         3995    i.usbd_event_reset_handler  usbd_core.o
    0x080080e4   0x080080e4   0x000000b4   Code   RO         3998    i.usbd_get_descriptor  usbd_core.o
    0x08008198   0x08008198   0x00000004   Code   RO         3999    i.usbd_initialize   usbd_core.o
    0x0800819c   0x0800819c   0x00000002   Code   RO         4002    i.usbd_print_setup  usbd_core.o
    0x0800819e   0x0800819e   0x0000002c   Code   RO         4003    i.usbd_reset_endpoint  usbd_core.o
    0x080081ca   0x080081ca   0x00000002   PAD
    0x080081cc   0x080081cc   0x00000020   Code   RO         4220    i.usbd_set_address  usb_dc_dwc2.o
    0x080081ec   0x080081ec   0x00000058   Code   RO         4004    i.usbd_set_configuration  usbd_core.o
    0x08008244   0x08008244   0x0000002c   Code   RO         4005    i.usbd_set_endpoint  usbd_core.o
    0x08008270   0x08008270   0x00000068   Code   RO         4006    i.usbd_set_interface  usbd_core.o
    0x080082d8   0x080082d8   0x0000006a   Code   RO         4007    i.usbd_setup_request_handler  usbd_core.o
    0x08008342   0x08008342   0x00000042   Code   RO         4008    i.usbd_standard_request_handler  usbd_core.o
    0x08008384   0x08008384   0x000000b0   Code   RO         4009    i.usbd_std_device_req_handler  usbd_core.o
    0x08008434   0x08008434   0x0000006e   Code   RO         4010    i.usbd_std_endpoint_req_handler  usbd_core.o
    0x080084a2   0x080084a2   0x00000002   PAD
    0x080084a4   0x080084a4   0x000000a4   Code   RO         4011    i.usbd_std_interface_req_handler  usbd_core.o
    0x08008548   0x08008548   0x000000a8   Code   RO         4012    i.usbd_vendor_request_handler  usbd_core.o
    0x080085f0   0x080085f0   0x000000a4   Data   RO         2345    .constdata          cdc_acm.o
    0x08008694   0x08008694   0x00000100   Data   RO         2451    .constdata          ld_radar.o
    0x08008794   0x08008794   0x00000008   Data   RO         2961    .constdata          drv_misc.o
    0x0800879c   0x0800879c   0x00000045   Data   RO          117    .conststring        misc.o
    0x080087e1   0x080087e1   0x00000003   PAD
    0x080087e4   0x080087e4   0x0000004e   Data   RO          195    .conststring        stm32f4xx_adc.o
    0x08008832   0x08008832   0x00000002   PAD
    0x08008834   0x08008834   0x0000004e   Data   RO          415    .conststring        stm32f4xx_dma.o
    0x08008882   0x08008882   0x00000002   PAD
    0x08008884   0x08008884   0x0000004f   Data   RO          529    .conststring        stm32f4xx_exti.o
    0x080088d3   0x080088d3   0x00000001   PAD
    0x080088d4   0x080088d4   0x0000004f   Data   RO          785    .conststring        stm32f4xx_gpio.o
    0x08008923   0x08008923   0x00000001   PAD
    0x08008924   0x08008924   0x0000004e   Data   RO          910    .conststring        stm32f4xx_rcc.o
    0x08008972   0x08008972   0x00000002   PAD
    0x08008974   0x08008974   0x0000004e   Data   RO         1396    .conststring        stm32f4xx_tim.o
    0x080089c2   0x080089c2   0x00000002   PAD
    0x080089c4   0x080089c4   0x00000050   Data   RO         1892    .conststring        stm32f4xx_usart.o
    0x08008a14   0x08008a14   0x00000020   Data   RO         4735    Region$$Table       anon$$obj.o


    Execution Region RW_IRAM1 (Exec base: 0x20000000, Load base: 0x08008a34, Size: 0x00003570, Max: 0x00020000, ABSOLUTE, COMPRESSED[0x00000098])

    Exec Addr    Load Addr    Size         Type   Attr      Idx    E Section Name        Object

    0x20000000   COMPRESSED   0x00000014   Data   RW           14    .data               system_stm32f4xx.o
    0x20000014   COMPRESSED   0x00000010   Data   RW          911    .data               stm32f4xx_rcc.o
    0x20000024   COMPRESSED   0x00000009   Data   RW         2064    .data               ano_dt_lx.o
    0x2000002d   COMPRESSED   0x00000001   PAD
    0x2000002e   COMPRESSED   0x00000010   Data   RW         2202    .data               ano_lx.o
    0x2000003e   COMPRESSED   0x00000007   Data   RW         2203    .data               ano_lx.o
    0x20000045   COMPRESSED   0x00000006   Data   RW         2204    .data               ano_lx.o
    0x2000004b   COMPRESSED   0x00000008   Data   RW         2205    .data               ano_lx.o
    0x20000053   COMPRESSED   0x00000001   PAD
    0x20000054   COMPRESSED   0x00000058   Data   RW         2278    .data               ano_scheduler.o
    0x200000ac   COMPRESSED   0x0000001c   Data   RW         2346    .data               cdc_acm.o
    0x200000c8   COMPRESSED   0x000000b2   Data   RW         2452    .data               ld_radar.o
    0x2000017a   COMPRESSED   0x0000000c   Data   RW         2492    .data               lx_fc_ext_sensor.o
    0x20000186   COMPRESSED   0x00000001   Data   RW         2537    .data               lx_fc_fun.o
    0x20000187   COMPRESSED   0x00000001   PAD
    0x20000188   COMPRESSED   0x0000000d   Data   RW         2611    .data               lx_fc_state.o
    0x20000195   COMPRESSED   0x00000003   PAD
    0x20000198   COMPRESSED   0x00000008   Data   RW         2694    .data               uart_screen.o
    0x200001a0   COMPRESSED   0x0000002c   Data   RW         2738    .data               user_com.o
    0x200001cc   COMPRESSED   0x00000003   Data   RW         2831    .data               user_task.o
    0x200001cf   COMPRESSED   0x00000003   Data   RW         2851    .data               wireless_com.o
    0x200001d2   COMPRESSED   0x0000000c   Data   RW         2919    .data               drv_led.o
    0x200001de   COMPRESSED   0x00000004   Data   RW         2920    .data               drv_led.o
    0x200001e2   COMPRESSED   0x00000004   Data   RW         3041    .data               drv_rcin.o
    0x200001e6   COMPRESSED   0x00000002   PAD
    0x200001e8   COMPRESSED   0x00000008   Data   RW         3082    .data               drv_sys.o
    0x200001f0   COMPRESSED   0x00000014   Data   RW         3196    .data               drv_uart.o
    0x20000204   COMPRESSED   0x00000002   Data   RW         3379    .data               drv_ws2812.o
    0x20000206   COMPRESSED   0x00000003   Data   RW         3679    .data               drv_anoof.o
    0x20000209   COMPRESSED   0x00000003   PAD
    0x2000020c   COMPRESSED   0x00000010   Data   RW         3716    .data               drv_bsp.o
    0x2000021c   COMPRESSED   0x00000018   Data   RW         3789    .data               drv_key.o
    0x20000234   COMPRESSED   0x00000010   Data   RW         4014    .data               usbd_core.o
    0x20000244   COMPRESSED   0x00000004   Data   RW         4716    .data               mc_w.l(errno.o)
    0x20000248   COMPRESSED   0x00001000   Data   RW         2347    .noncacheable       cdc_acm.o
    0x20001248   COMPRESSED   0x00000120   Data   RW         4015    .noncacheable       usbd_core.o
    0x20001368   COMPRESSED   0x00000018   PAD
    0x20001380   COMPRESSED   0x000000c0   Data   RW         4221    .noncacheable       usb_dc_dwc2.o
    0x20001440        -       0x0000080c   Zero   RW         2063    .bss                ano_dt_lx.o
    0x20001c4c        -       0x0000002e   Zero   RW         2199    .bss                ano_lx.o
    0x20001c7a        -       0x00000009   Zero   RW         2200    .bss                ano_lx.o
    0x20001c83        -       0x00000009   Zero   RW         2201    .bss                ano_lx.o
    0x20001c8c        -       0x000000c0   Zero   RW         2344    .bss                cdc_acm.o
    0x20001d4c        -       0x00000030   Zero   RW         2450    .bss                ld_radar.o
    0x20001d7c        -       0x00000030   Zero   RW         2491    .bss                lx_fc_ext_sensor.o
    0x20001dac        -       0x00000104   Zero   RW         2693    .bss                uart_screen.o
    0x20001eb0        -       0x0000027e   Zero   RW         2737    .bss                user_com.o
    0x2000212e        -       0x00000300   Zero   RW         2850    .bss                wireless_com.o
    0x2000242e        -       0x00000064   Zero   RW         2882    .bss                drv_adc.o
    0x20002492        -       0x000006f4   Zero   RW         3195    .bss                drv_uart.o
    0x20002b86        -       0x00000019   Zero   RW         3378    .bss                drv_ws2812.o
    0x20002b9f   COMPRESSED   0x00000001   PAD
    0x20002ba0        -       0x0000007c   Zero   RW         3678    .bss                drv_anoof.o
    0x20002c1c        -       0x0000006c   Zero   RW         3715    .bss                drv_bsp.o
    0x20002c88        -       0x00000022   Zero   RW         3788    .bss                drv_key.o
    0x20002caa   COMPRESSED   0x00000002   PAD
    0x20002cac        -       0x000000c0   Zero   RW         4013    .bss                usbd_core.o
    0x20002d6c   COMPRESSED   0x00000004   PAD
    0x20002d70        -       0x00000800   Zero   RW            1    STACK               startup_stm32f4xx.o


==============================================================================

Image component sizes


      Code (inc. data)   RO Data    RW Data    ZI Data      Debug   Object Name

      1700        130          0          9       2060      14821   ano_dt_lx.o
      1084        102          0         37         64       5075   ano_lx.o
        50          0          0          0          0        714   ano_math.o
       286         60          0         88          0       5042   ano_scheduler.o
       344         58        164       4124        192      26858   cdc_acm.o
       364         46          0          0        100       2531   drv_adc.o
       624         30          0          3        124       3812   drv_anoof.o
       912         62          0         16        108       5178   drv_bsp.o
       856         46          0         24         34      12756   drv_key.o
       252         14          0         16          0       2966   drv_led.o
       234         20          8          0          0       3260   drv_misc.o
       812         48          0          0          0       2659   drv_pwmout.o
       468         38          0          4          0       2594   drv_rcin.o
       224         20          0          8          0      22225   drv_sys.o
       146          6          0          0          0       1651   drv_timer.o
      2322        248          0         20       1780      17075   drv_uart.o
       388         32          0          2         25       4003   drv_ws2812.o
       308         52        256        178         48       3145   ld_radar.o
       548        208          0         12         48       3757   lx_fc_ext_sensor.o
       520         90          0          1          0       4990   lx_fc_fun.o
       404         24          0         13          0       2705   lx_fc_state.o
       210         20          0          0          0      21392   main.o
       272         26         69          0          0       2717   misc.o
        36          8        392          0       2048        952   startup_stm32f4xx.o
      1284        120         78          0          0       7932   stm32f4xx_adc.o
       978         44         78          0          0       4577   stm32f4xx_dma.o
       208         20         79          0          0       1492   stm32f4xx_exti.o
      1106        208         79          0          0       5385   stm32f4xx_gpio.o
       106          6          0          0          0       7740   stm32f4xx_it.o
       588         80         78         16          0       7518   stm32f4xx_rcc.o
      5326        936         78          0          0      26237   stm32f4xx_tim.o
      1674        202         80          0          0       8320   stm32f4xx_usart.o
       276         34          0         20          0     295981   system_stm32f4xx.o
       148         18          0          8        260       2299   uart_screen.o
      2872        220          0        192          0      16637   usb_dc_dwc2.o
       174         10          0          0          0      13230   usbd_cdc.o
      2054        138          0        304        192      26513   usbd_core.o
      1900        282          0         44        638      10173   user_com.o
       140         12          0          3          0        705   user_task.o
       228         20          0          3        768       2806   wireless_com.o

    ----------------------------------------------------------------------
     32472       3738       1484       5180       8496     610423   Object Totals
         0          0         32          0          0          0   (incl. Generated)
        46          0         13         35          7          0   (incl. Padding)

    ----------------------------------------------------------------------

      Code (inc. data)   RO Data    RW Data    ZI Data      Debug   Library Member Name

       300         42          0          0          0        176   asinf.o
       684         90          0          0          0        208   atan2f.o
        38          0          0          0          0        116   fpclassifyf.o
        44         12          0          0          0        464   funder.o
        62          0          0          0          0        136   sqrtf.o
        86          0          0          0          0          0   __dczerorl2.o
         0          0          0          0          0          0   entry.o
         0          0          0          0          0          0   entry10a.o
         0          0          0          0          0          0   entry11a.o
         4          0          0          0          0          0   entry12b.o
         8          4          0          0          0          0   entry2.o
         4          0          0          0          0          0   entry5.o
         0          0          0          0          0          0   entry7b.o
         0          0          0          0          0          0   entry8b.o
         8          4          0          0          0          0   entry9a.o
        12          6          0          4          0         68   errno.o
        30          0          0          0          0          0   handlers.o
        36          8          0          0          0         68   init.o
         0          0          0          0          0          0   iusefp.o
        26          0          0          0          0         80   memcmp.o
        36          0          0          0          0         68   memcpya.o
        36          0          0          0          0        108   memseta.o

    ----------------------------------------------------------------------
      1424        166          0          4          0       1492   Library Totals
        10          0          0          0          0          0   (incl. Padding)

    ----------------------------------------------------------------------

      Code (inc. data)   RO Data    RW Data    ZI Data      Debug   Library Name

      1128        144          0          0          0       1100   m_wm.l
       286         22          0          4          0        392   mc_w.l

    ----------------------------------------------------------------------
      1424        166          0          4          0       1492   Library Totals

    ----------------------------------------------------------------------

==============================================================================


      Code (inc. data)   RO Data    RW Data    ZI Data      Debug   

     33896       3904       1484       5184       8496     582595   Grand Totals
     33896       3904       1484        152       8496     582595   ELF Image Totals (compressed)
     33896       3904       1484        152          0          0   ROM Totals

==============================================================================

    Total RO  Size (Code + RO Data)                35380 (  34.55kB)
    Total RW  Size (RW Data + ZI Data)             13680 (  13.36kB)
    Total ROM Size (Code + RO Data + RW Data)      35532 (  34.70kB)

==============================================================================

