<html>
<body>
<pre>
<h1>µVision Build Log</h1>
<h2>Tool Versions:</h2>
IDE-Version: ¦ÌVision V5.42.0.0
Copyright (C) 2025 ARM Ltd and ARM Germany GmbH. All rights reserved.
License Information: dd DELL, dd, LIC=HN0AE-5A7UT-GKWBG-VNHCP-LA2N3-B0DMT
 
Tool Versions:
Toolchain:       MDK-ARM Plus  Version: 5.42.0.0
Toolchain Path:  D:\Users\DELL\AppData\Local\Keil_v5\ARM\ARMCC\Bin
C Compiler:      Armcc.exe V5.06 update 7 (build 960)
Assembler:       Armasm.exe V5.06 update 7 (build 960)
Linker/Locator:  ArmLink.exe V5.06 update 7 (build 960)
Library Manager: ArmAr.exe V5.06 update 7 (build 960)
Hex Converter:   FromElf.exe V5.06 update 7 (build 960)
CPU DLL:         SARMCM3.DLL V5.42.0.0
Dialog DLL:      DCM.DLL V1.17.5.0
Target DLL:      Segger\JL2CM3.dll V2.99.45.0
Dialog DLL:      TCM.DLL V1.56.6.0
 
<h2>Project:</h2>
D:\drone2\DDDDDDRONE\ANO_LX_FC.uvprojx
Project File Date:  07/15/2026

<h2>Output:</h2>
*** Using Compiler 'V5.06 update 7 (build 960)', folder: 'D:\Users\DELL\AppData\Local\Keil_v5\ARM\ARMCC\Bin'
Rebuild target 'ANO_LX_FC'
assembling startup_stm32f4xx.s...
compiling stm32f4xx_gpio.c...
compiling stm32f4xx_rcc.c...
compiling stm32f4xx_usart.c...
compiling stm32f4xx_adc.c...
compiling misc.c...
compiling stm32f4xx_spi.c...
compiling cdc_acm.c...
compiling ANO_DT_LX.c...
compiling stm32f4xx_exti.c...
compiling system_stm32f4xx.c...
compiling Ano_Scheduler.c...
DriversMcu\STM32F407\Drivers\Drv_WS2812.h(59): warning:  #1-D: last line of file ends without a newline
  #endif
FcSrc/Ano_Scheduler.c: 1 warning, 0 errors
compiling stm32f4xx_dma.c...
compiling LD_Radar.c...
compiling ANO_LX.c...
compiling stm32f4xx_flash.c...
compiling LX_FC_EXT_Sensor.c...
compiling LX_FC_Fun.c...
compiling LX_FC_State.c...
compiling stm32f4xx_tim.c...
compiling main.c...
FcSrc/main.c(71): warning:  #1295-D: Deprecated declaration cdc_acm_init - give arg types
  extern void cdc_acm_init();
FcSrc/main.c: 1 warning, 0 errors
compiling Uart_Screen.c...
compiling User_Task.c...
compiling User_Com.c...
DriversMcu\STM32F407\Drivers\Drv_Misc.h(43): warning:  #1-D: last line of file ends without a newline
  #endif
DriversMcu\STM32F407\Drivers\Drv_WS2812.h(59): warning:  #1-D: last line of file ends without a newline
  #endif
FcSrc/User_Com.c: 2 warnings, 0 errors
compiling Wireless_Com.c...
compiling Drv_adc.c...
compiling Drv_led.c...
compiling Drv_Misc.c...
DriversMcu/STM32F407/Drivers/Drv_Misc.h(43): warning:  #1-D: last line of file ends without a newline
  #endif
DriversMcu/STM32F407/Drivers/Drv_Misc.c(77): warning:  #1-D: last line of file ends without a newline
  }
DriversMcu/STM32F407/Drivers/Drv_Misc.c: 2 warnings, 0 errors
compiling Drv_PwmOut.c...
compiling Drv_Timer.c...
compiling Drv_Sys.c...
compiling Drv_RcIn.c...
compiling Drv_WS2812.c...
DriversMcu/STM32F407/Drivers/Drv_WS2812.h(59): warning:  #1-D: last line of file ends without a newline
  #endif
DriversMcu/STM32F407/Drivers/Drv_WS2812.c: 1 warning, 0 errors
compiling Drv_Uart.c...
compiling stm32f4xx_it.c...
compiling Ano_Math.c...
compiling Drv_AnoOf.c...
compiling Drv_BSP.c...
DriversMcu\STM32F407\Drivers\Drv_Misc.h(43): warning:  #1-D: last line of file ends without a newline
  #endif
DriversMcu\STM32F407\Drivers\Drv_WS2812.h(59): warning:  #1-D: last line of file ends without a newline
  #endif
DriversBsp/Drv_BSP.c: 2 warnings, 0 errors
compiling Drv_key.c...
DriversMcu\STM32F407\Drivers\Drv_Misc.h(43): warning:  #1-D: last line of file ends without a newline
  #endif
DriversBsp/Drv_key.c: 1 warning, 0 errors
compiling Drv_UpFlow.c...
compiling usbd_cdc.c...
compiling usbd_core.c...
compiling usb_dc_dwc2.c...
linking...
Program Size: Code=33896 RO-data=1484 RW-data=5184 ZI-data=8496  
FromELF: creating hex file...
".\build\Keil\ANO_LX_FC.axf" - 0 Error(s), 10 Warning(s).

<h2>Software Packages used:</h2>

Package Vendor: Keil
                https://www.keil.com/pack/Keil.STM32F4xx_DFP.3.1.1.pack
                Keil::STM32F4xx_DFP@3.1.1
                STMicroelectronics STM32F4 Series Device Support

<h2>Collection of Component include folders:</h2>

<h2>Collection of Component Files used:</h2>
Build Time Elapsed:  00:00:03
</pre>
</body>
</html>
